14:36:43.782 [main] INFO  c.f.SpringbootApplication - [logStarting,53] - Starting SpringbootApplication using Java 17.0.9 with PID 76124 (C:\Users\89328\Desktop\fast\springboot\target\classes started by 89328 in C:\Users\89328\Desktop\fast\springboot)
14:36:43.784 [main] INFO  c.f.SpringbootApplication - [logStartupProfileInfo,652] - No active profile set, falling back to 1 default profile: "default"
14:36:44.723 [main] INFO  o.a.c.h.Http11NioProtocol - [log,168] - Initializing ProtocolHandler ["http-nio-8080"]
14:36:44.724 [main] INFO  o.a.c.c.StandardService - [log,168] - Starting service [Tomcat]
14:36:44.724 [main] INFO  o.a.c.c.StandardEngine - [log,168] - Starting Servlet engine: [Apache Tomcat/10.1.50]
14:36:44.764 [main] INFO  o.a.c.c.C.[.[.[/] - [log,168] - Initializing Spring embedded WebApplicationContext
14:36:44.836 [main] INFO  c.a.d.s.b.a.DruidDataSourceAutoConfigure - [dataSource,68] - Init DruidDataSource
14:36:44.905 [main] INFO  c.a.d.p.DruidDataSource - [init,1002] - {dataSource-1} inited
14:36:45.295 [main] INFO  o.a.c.h.Http11NioProtocol - [log,168] - Starting ProtocolHandler ["http-nio-8080"]
14:36:45.317 [main] INFO  c.f.SpringbootApplication - [logStarted,59] - Started SpringbootApplication in 1.86 seconds (process running for 2.566)
14:37:00.021 [http-nio-8080-exec-1] INFO  o.a.c.c.C.[.[.[/] - [log,168] - Initializing Spring DispatcherServlet 'dispatcherServlet'
14:59:49.072 [SpringApplicationShutdownHook] INFO  c.a.d.p.DruidDataSource - [close,2204] - {dataSource-1} closing ...
14:59:49.072 [SpringApplicationShutdownHook] INFO  c.a.d.p.DruidDataSource - [close,2277] - {dataSource-1} closed
14:59:51.385 [main] INFO  c.f.SpringbootApplication - [logStarting,53] - Starting SpringbootApplication using Java 17.0.9 with PID 80876 (C:\Users\89328\Desktop\fast\springboot\target\classes started by 89328 in C:\Users\89328\Desktop\fast\springboot)
14:59:51.387 [main] INFO  c.f.SpringbootApplication - [logStartupProfileInfo,652] - No active profile set, falling back to 1 default profile: "default"
14:59:52.135 [main] INFO  o.a.c.h.Http11NioProtocol - [log,168] - Initializing ProtocolHandler ["http-nio-8080"]
14:59:52.136 [main] INFO  o.a.c.c.StandardService - [log,168] - Starting service [Tomcat]
14:59:52.136 [main] INFO  o.a.c.c.StandardEngine - [log,168] - Starting Servlet engine: [Apache Tomcat/10.1.50]
14:59:52.175 [main] INFO  o.a.c.c.C.[.[.[/] - [log,168] - Initializing Spring embedded WebApplicationContext
14:59:52.235 [main] INFO  c.a.d.s.b.a.DruidDataSourceAutoConfigure - [dataSource,68] - Init DruidDataSource
14:59:52.289 [main] INFO  c.a.d.p.DruidDataSource - [init,1002] - {dataSource-1} inited
14:59:52.691 [main] INFO  o.a.c.h.Http11NioProtocol - [log,168] - Starting ProtocolHandler ["http-nio-8080"]
14:59:52.712 [main] INFO  c.f.SpringbootApplication - [logStarted,59] - Started SpringbootApplication in 1.607 seconds (process running for 2.643)
15:14:40.277 [http-nio-8080-exec-3] INFO  o.a.c.c.C.[.[.[/] - [log,168] - Initializing Spring DispatcherServlet 'dispatcherServlet'
15:24:50.431 [SpringApplicationShutdownHook] INFO  c.a.d.p.DruidDataSource - [close,2204] - {dataSource-1} closing ...
15:24:50.436 [SpringApplicationShutdownHook] INFO  c.a.d.p.DruidDataSource - [close,2277] - {dataSource-1} closed
15:24:53.783 [main] INFO  c.f.SpringbootApplication - [logStarting,53] - Starting SpringbootApplication using Java 17.0.9 with PID 90108 (C:\Users\89328\Desktop\fast\springboot\target\classes started by 89328 in C:\Users\89328\Desktop\fast\springboot)
15:24:53.784 [main] INFO  c.f.SpringbootApplication - [logStartupProfileInfo,652] - No active profile set, falling back to 1 default profile: "default"
15:24:54.651 [main] INFO  o.a.c.h.Http11NioProtocol - [log,168] - Initializing ProtocolHandler ["http-nio-8080"]
15:24:54.653 [main] INFO  o.a.c.c.StandardService - [log,168] - Starting service [Tomcat]
15:24:54.654 [main] INFO  o.a.c.c.StandardEngine - [log,168] - Starting Servlet engine: [Apache Tomcat/10.1.50]
15:24:54.700 [main] INFO  o.a.c.c.C.[.[.[/] - [log,168] - Initializing Spring embedded WebApplicationContext
15:24:54.778 [main] INFO  c.a.d.s.b.a.DruidDataSourceAutoConfigure - [dataSource,68] - Init DruidDataSource
15:24:54.830 [main] INFO  c.a.d.p.DruidDataSource - [init,1002] - {dataSource-1} inited
15:24:55.242 [main] INFO  o.a.c.h.Http11NioProtocol - [log,168] - Starting ProtocolHandler ["http-nio-8080"]
15:24:55.264 [main] INFO  c.f.SpringbootApplication - [logStarted,59] - Started SpringbootApplication in 1.79 seconds (process running for 2.622)
15:25:22.854 [http-nio-8080-exec-1] INFO  o.a.c.c.C.[.[.[/] - [log,168] - Initializing Spring DispatcherServlet 'dispatcherServlet'
15:30:41.912 [SpringApplicationShutdownHook] INFO  c.a.d.p.DruidDataSource - [close,2204] - {dataSource-1} closing ...
15:30:41.914 [SpringApplicationShutdownHook] INFO  c.a.d.p.DruidDataSource - [close,2277] - {dataSource-1} closed
15:30:44.395 [main] INFO  c.f.SpringbootApplication - [logStarting,53] - Starting SpringbootApplication using Java 17.0.9 with PID 77252 (C:\Users\89328\Desktop\fast\springboot\target\classes started by 89328 in C:\Users\89328\Desktop\fast\springboot)
15:30:44.396 [main] INFO  c.f.SpringbootApplication - [logStartupProfileInfo,652] - No active profile set, falling back to 1 default profile: "default"
15:30:45.140 [main] INFO  o.a.c.h.Http11NioProtocol - [log,168] - Initializing ProtocolHandler ["http-nio-8080"]
15:30:45.141 [main] INFO  o.a.c.c.StandardService - [log,168] - Starting service [Tomcat]
15:30:45.141 [main] INFO  o.a.c.c.StandardEngine - [log,168] - Starting Servlet engine: [Apache Tomcat/10.1.50]
15:30:45.184 [main] INFO  o.a.c.c.C.[.[.[/] - [log,168] - Initializing Spring embedded WebApplicationContext
15:30:45.251 [main] INFO  c.a.d.s.b.a.DruidDataSourceAutoConfigure - [dataSource,68] - Init DruidDataSource
15:30:45.300 [main] INFO  c.a.d.p.DruidDataSource - [init,1002] - {dataSource-1} inited
15:30:45.703 [main] INFO  o.a.c.h.Http11NioProtocol - [log,168] - Starting ProtocolHandler ["http-nio-8080"]
15:30:45.723 [main] INFO  c.f.SpringbootApplication - [logStarted,59] - Started SpringbootApplication in 1.619 seconds (process running for 2.168)
15:30:51.760 [http-nio-8080-exec-1] INFO  o.a.c.c.C.[.[.[/] - [log,168] - Initializing Spring DispatcherServlet 'dispatcherServlet'
15:35:58.671 [SpringApplicationShutdownHook] INFO  c.a.d.p.DruidDataSource - [close,2204] - {dataSource-1} closing ...
15:35:58.675 [SpringApplicationShutdownHook] INFO  c.a.d.p.DruidDataSource - [close,2277] - {dataSource-1} closed
15:36:01.302 [main] INFO  c.f.SpringbootApplication - [logStarting,53] - Starting SpringbootApplication using Java 17.0.9 with PID 79604 (C:\Users\89328\Desktop\fast\springboot\target\classes started by 89328 in C:\Users\89328\Desktop\fast\springboot)
15:36:01.303 [main] INFO  c.f.SpringbootApplication - [logStartupProfileInfo,652] - No active profile set, falling back to 1 default profile: "default"
15:36:02.075 [main] INFO  o.a.c.h.Http11NioProtocol - [log,168] - Initializing ProtocolHandler ["http-nio-8080"]
15:36:02.077 [main] INFO  o.a.c.c.StandardService - [log,168] - Starting service [Tomcat]
15:36:02.077 [main] INFO  o.a.c.c.StandardEngine - [log,168] - Starting Servlet engine: [Apache Tomcat/10.1.50]
15:36:02.125 [main] INFO  o.a.c.c.C.[.[.[/] - [log,168] - Initializing Spring embedded WebApplicationContext
15:36:02.196 [main] INFO  c.a.d.s.b.a.DruidDataSourceAutoConfigure - [dataSource,68] - Init DruidDataSource
15:36:02.249 [main] INFO  c.a.d.p.DruidDataSource - [init,1002] - {dataSource-1} inited
15:36:02.652 [main] INFO  o.a.c.h.Http11NioProtocol - [log,168] - Starting ProtocolHandler ["http-nio-8080"]
15:36:02.672 [main] INFO  c.f.SpringbootApplication - [logStarted,59] - Started SpringbootApplication in 1.662 seconds (process running for 2.302)
15:36:07.473 [http-nio-8080-exec-1] INFO  o.a.c.c.C.[.[.[/] - [log,168] - Initializing Spring DispatcherServlet 'dispatcherServlet'
15:39:16.887 [SpringApplicationShutdownHook] INFO  c.a.d.p.DruidDataSource - [close,2204] - {dataSource-1} closing ...
15:39:16.890 [SpringApplicationShutdownHook] INFO  c.a.d.p.DruidDataSource - [close,2277] - {dataSource-1} closed
15:39:19.293 [main] INFO  c.f.SpringbootApplication - [logStarting,53] - Starting SpringbootApplication using Java 17.0.9 with PID 77416 (C:\Users\89328\Desktop\fast\springboot\target\classes started by 89328 in C:\Users\89328\Desktop\fast\springboot)
15:39:19.296 [main] INFO  c.f.SpringbootApplication - [logStartupProfileInfo,652] - No active profile set, falling back to 1 default profile: "default"
15:39:20.008 [main] INFO  o.a.c.h.Http11NioProtocol - [log,168] - Initializing ProtocolHandler ["http-nio-8080"]
15:39:20.009 [main] INFO  o.a.c.c.StandardService - [log,168] - Starting service [Tomcat]
15:39:20.009 [main] INFO  o.a.c.c.StandardEngine - [log,168] - Starting Servlet engine: [Apache Tomcat/10.1.50]
15:39:20.043 [main] INFO  o.a.c.c.C.[.[.[/] - [log,168] - Initializing Spring embedded WebApplicationContext
15:39:20.106 [main] INFO  c.a.d.s.b.a.DruidDataSourceAutoConfigure - [dataSource,68] - Init DruidDataSource
15:39:20.152 [main] INFO  c.a.d.p.DruidDataSource - [init,1002] - {dataSource-1} inited
15:39:20.510 [main] INFO  o.a.c.h.Http11NioProtocol - [log,168] - Starting ProtocolHandler ["http-nio-8080"]
15:39:20.529 [main] INFO  c.f.SpringbootApplication - [logStarted,59] - Started SpringbootApplication in 1.509 seconds (process running for 2.051)
15:40:48.558 [http-nio-8080-exec-1] INFO  o.a.c.c.C.[.[.[/] - [log,168] - Initializing Spring DispatcherServlet 'dispatcherServlet'
15:51:35.814 [SpringApplicationShutdownHook] INFO  c.a.d.p.DruidDataSource - [close,2204] - {dataSource-1} closing ...
15:51:35.817 [SpringApplicationShutdownHook] INFO  c.a.d.p.DruidDataSource - [close,2277] - {dataSource-1} closed
15:51:38.388 [main] INFO  c.f.SpringbootApplication - [logStarting,53] - Starting SpringbootApplication using Java 17.0.9 with PID 67344 (C:\Users\89328\Desktop\fast\springboot\target\classes started by 89328 in C:\Users\89328\Desktop\fast\springboot)
15:51:38.390 [main] INFO  c.f.SpringbootApplication - [logStartupProfileInfo,652] - No active profile set, falling back to 1 default profile: "default"
15:51:39.147 [main] INFO  o.a.c.h.Http11NioProtocol - [log,168] - Initializing ProtocolHandler ["http-nio-8080"]
15:51:39.148 [main] INFO  o.a.c.c.StandardService - [log,168] - Starting service [Tomcat]
15:51:39.149 [main] INFO  o.a.c.c.StandardEngine - [log,168] - Starting Servlet engine: [Apache Tomcat/10.1.50]
15:51:39.187 [main] INFO  o.a.c.c.C.[.[.[/] - [log,168] - Initializing Spring embedded WebApplicationContext
15:51:39.249 [main] INFO  c.a.d.s.b.a.DruidDataSourceAutoConfigure - [dataSource,68] - Init DruidDataSource
15:51:39.297 [main] INFO  c.a.d.p.DruidDataSource - [init,1002] - {dataSource-1} inited
15:51:39.691 [main] INFO  o.a.c.h.Http11NioProtocol - [log,168] - Starting ProtocolHandler ["http-nio-8080"]
15:51:39.712 [main] INFO  c.f.SpringbootApplication - [logStarted,59] - Started SpringbootApplication in 1.612 seconds (process running for 2.142)
15:51:43.036 [http-nio-8080-exec-1] INFO  o.a.c.c.C.[.[.[/] - [log,168] - Initializing Spring DispatcherServlet 'dispatcherServlet'
15:58:36.102 [SpringApplicationShutdownHook] INFO  c.a.d.p.DruidDataSource - [close,2204] - {dataSource-1} closing ...
15:58:36.105 [SpringApplicationShutdownHook] INFO  c.a.d.p.DruidDataSource - [close,2277] - {dataSource-1} closed
15:58:38.373 [main] INFO  c.f.SpringbootApplication - [logStarting,53] - Starting SpringbootApplication using Java 17.0.9 with PID 90200 (C:\Users\89328\Desktop\fast\springboot\target\classes started by 89328 in C:\Users\89328\Desktop\fast\springboot)
15:58:38.374 [main] INFO  c.f.SpringbootApplication - [logStartupProfileInfo,652] - No active profile set, falling back to 1 default profile: "default"
15:58:39.096 [main] INFO  o.a.c.h.Http11NioProtocol - [log,168] - Initializing ProtocolHandler ["http-nio-8080"]
15:58:39.098 [main] INFO  o.a.c.c.StandardService - [log,168] - Starting service [Tomcat]
15:58:39.098 [main] INFO  o.a.c.c.StandardEngine - [log,168] - Starting Servlet engine: [Apache Tomcat/10.1.50]
15:58:39.130 [main] INFO  o.a.c.c.C.[.[.[/] - [log,168] - Initializing Spring embedded WebApplicationContext
15:58:39.194 [main] INFO  c.a.d.s.b.a.DruidDataSourceAutoConfigure - [dataSource,68] - Init DruidDataSource
15:58:39.246 [main] INFO  c.a.d.p.DruidDataSource - [init,1002] - {dataSource-1} inited
15:58:39.660 [main] INFO  o.a.c.h.Http11NioProtocol - [log,168] - Starting ProtocolHandler ["http-nio-8080"]
15:58:39.682 [main] INFO  c.f.SpringbootApplication - [logStarted,59] - Started SpringbootApplication in 1.602 seconds (process running for 2.141)
15:58:49.089 [http-nio-8080-exec-1] INFO  o.a.c.c.C.[.[.[/] - [log,168] - Initializing Spring DispatcherServlet 'dispatcherServlet'
16:00:15.522 [SpringApplicationShutdownHook] INFO  c.a.d.p.DruidDataSource - [close,2204] - {dataSource-1} closing ...
16:00:15.524 [SpringApplicationShutdownHook] INFO  c.a.d.p.DruidDataSource - [close,2277] - {dataSource-1} closed
16:00:17.805 [main] INFO  c.f.SpringbootApplication - [logStarting,53] - Starting SpringbootApplication using Java 17.0.9 with PID 91824 (C:\Users\89328\Desktop\fast\springboot\target\classes started by 89328 in C:\Users\89328\Desktop\fast\springboot)
16:00:17.806 [main] INFO  c.f.SpringbootApplication - [logStartupProfileInfo,652] - No active profile set, falling back to 1 default profile: "default"
16:00:18.477 [main] INFO  o.a.c.h.Http11NioProtocol - [log,168] - Initializing ProtocolHandler ["http-nio-8080"]
16:00:18.479 [main] INFO  o.a.c.c.StandardService - [log,168] - Starting service [Tomcat]
16:00:18.479 [main] INFO  o.a.c.c.StandardEngine - [log,168] - Starting Servlet engine: [Apache Tomcat/10.1.50]
16:00:18.514 [main] INFO  o.a.c.c.C.[.[.[/] - [log,168] - Initializing Spring embedded WebApplicationContext
16:00:18.572 [main] INFO  c.a.d.s.b.a.DruidDataSourceAutoConfigure - [dataSource,68] - Init DruidDataSource
16:00:18.625 [main] INFO  c.a.d.p.DruidDataSource - [init,1002] - {dataSource-1} inited
16:00:18.992 [main] INFO  o.a.c.h.Http11NioProtocol - [log,168] - Starting ProtocolHandler ["http-nio-8080"]
16:00:19.011 [main] INFO  c.f.SpringbootApplication - [logStarted,59] - Started SpringbootApplication in 1.487 seconds (process running for 2.019)
16:00:24.769 [http-nio-8080-exec-1] INFO  o.a.c.c.C.[.[.[/] - [log,168] - Initializing Spring DispatcherServlet 'dispatcherServlet'
16:02:32.781 [SpringApplicationShutdownHook] INFO  c.a.d.p.DruidDataSource - [close,2204] - {dataSource-1} closing ...
16:02:32.783 [SpringApplicationShutdownHook] INFO  c.a.d.p.DruidDataSource - [close,2277] - {dataSource-1} closed
16:02:35.685 [main] INFO  c.f.SpringbootApplication - [logStarting,53] - Starting SpringbootApplication using Java 17.0.9 with PID 91560 (C:\Users\89328\Desktop\fast\springboot\target\classes started by 89328 in C:\Users\89328\Desktop\fast\springboot)
16:02:35.687 [main] INFO  c.f.SpringbootApplication - [logStartupProfileInfo,652] - No active profile set, falling back to 1 default profile: "default"
16:02:36.428 [main] INFO  o.a.c.h.Http11NioProtocol - [log,168] - Initializing ProtocolHandler ["http-nio-8080"]
16:02:36.429 [main] INFO  o.a.c.c.StandardService - [log,168] - Starting service [Tomcat]
16:02:36.429 [main] INFO  o.a.c.c.StandardEngine - [log,168] - Starting Servlet engine: [Apache Tomcat/10.1.50]
16:02:36.473 [main] INFO  o.a.c.c.C.[.[.[/] - [log,168] - Initializing Spring embedded WebApplicationContext
16:02:36.539 [main] INFO  c.a.d.s.b.a.DruidDataSourceAutoConfigure - [dataSource,68] - Init DruidDataSource
16:02:36.588 [main] INFO  c.a.d.p.DruidDataSource - [init,1002] - {dataSource-1} inited
16:02:36.970 [main] INFO  o.a.c.h.Http11NioProtocol - [log,168] - Starting ProtocolHandler ["http-nio-8080"]
16:02:36.993 [main] INFO  c.f.SpringbootApplication - [logStarted,59] - Started SpringbootApplication in 1.618 seconds (process running for 2.21)
16:02:44.798 [http-nio-8080-exec-1] INFO  o.a.c.c.C.[.[.[/] - [log,168] - Initializing Spring DispatcherServlet 'dispatcherServlet'
16:13:23.507 [SpringApplicationShutdownHook] INFO  c.a.d.p.DruidDataSource - [close,2204] - {dataSource-1} closing ...
16:13:23.510 [SpringApplicationShutdownHook] INFO  c.a.d.p.DruidDataSource - [close,2277] - {dataSource-1} closed
16:13:27.317 [main] INFO  c.f.SpringbootApplication - [logStarting,53] - Starting SpringbootApplication using Java 17.0.9 with PID 43012 (C:\Users\89328\Desktop\fast\springboot\target\classes started by 89328 in C:\Users\89328\Desktop\fast\springboot)
16:13:27.319 [main] INFO  c.f.SpringbootApplication - [logStartupProfileInfo,652] - No active profile set, falling back to 1 default profile: "default"
16:13:28.190 [main] INFO  o.a.c.h.Http11NioProtocol - [log,168] - Initializing ProtocolHandler ["http-nio-8080"]
16:13:28.192 [main] INFO  o.a.c.c.StandardService - [log,168] - Starting service [Tomcat]
16:13:28.192 [main] INFO  o.a.c.c.StandardEngine - [log,168] - Starting Servlet engine: [Apache Tomcat/10.1.50]
16:13:28.233 [main] INFO  o.a.c.c.C.[.[.[/] - [log,168] - Initializing Spring embedded WebApplicationContext
16:13:28.298 [main] INFO  c.a.d.s.b.a.DruidDataSourceAutoConfigure - [dataSource,68] - Init DruidDataSource
16:13:28.349 [main] INFO  c.a.d.p.DruidDataSource - [init,1002] - {dataSource-1} inited
16:13:28.750 [main] INFO  o.a.c.h.Http11NioProtocol - [log,168] - Starting ProtocolHandler ["http-nio-8080"]
16:13:28.771 [main] INFO  c.f.SpringbootApplication - [logStarted,59] - Started SpringbootApplication in 1.749 seconds (process running for 2.311)
16:13:40.128 [http-nio-8080-exec-1] INFO  o.a.c.c.C.[.[.[/] - [log,168] - Initializing Spring DispatcherServlet 'dispatcherServlet'
16:22:18.715 [SpringApplicationShutdownHook] INFO  c.a.d.p.DruidDataSource - [close,2204] - {dataSource-1} closing ...
16:22:18.720 [SpringApplicationShutdownHook] INFO  c.a.d.p.DruidDataSource - [close,2277] - {dataSource-1} closed
16:22:22.237 [main] INFO  c.f.SpringbootApplication - [logStarting,53] - Starting SpringbootApplication using Java 17.0.9 with PID 86496 (C:\Users\89328\Desktop\fast\springboot\target\classes started by 89328 in C:\Users\89328\Desktop\fast\springboot)
16:22:22.239 [main] INFO  c.f.SpringbootApplication - [logStartupProfileInfo,652] - No active profile set, falling back to 1 default profile: "default"
16:22:23.007 [main] INFO  o.a.c.h.Http11NioProtocol - [log,168] - Initializing ProtocolHandler ["http-nio-8080"]
16:22:23.008 [main] INFO  o.a.c.c.StandardService - [log,168] - Starting service [Tomcat]
16:22:23.008 [main] INFO  o.a.c.c.StandardEngine - [log,168] - Starting Servlet engine: [Apache Tomcat/10.1.50]
16:22:23.071 [main] INFO  o.a.c.c.C.[.[.[/] - [log,168] - Initializing Spring embedded WebApplicationContext
16:22:23.137 [main] INFO  c.a.d.s.b.a.DruidDataSourceAutoConfigure - [dataSource,68] - Init DruidDataSource
16:22:23.198 [main] INFO  c.a.d.p.DruidDataSource - [init,1002] - {dataSource-1} inited
16:22:23.788 [main] INFO  o.a.c.h.Http11NioProtocol - [log,168] - Starting ProtocolHandler ["http-nio-8080"]
16:22:23.815 [main] INFO  c.f.SpringbootApplication - [logStarted,59] - Started SpringbootApplication in 2.011 seconds (process running for 3.606)
16:22:30.075 [http-nio-8080-exec-1] INFO  o.a.c.c.C.[.[.[/] - [log,168] - Initializing Spring DispatcherServlet 'dispatcherServlet'
16:25:52.694 [SpringApplicationShutdownHook] INFO  c.a.d.p.DruidDataSource - [close,2204] - {dataSource-1} closing ...
16:25:52.696 [SpringApplicationShutdownHook] INFO  c.a.d.p.DruidDataSource - [close,2277] - {dataSource-1} closed
16:25:55.223 [main] INFO  c.f.SpringbootApplication - [logStarting,53] - Starting SpringbootApplication using Java 17.0.9 with PID 85688 (C:\Users\89328\Desktop\fast\springboot\target\classes started by 89328 in C:\Users\89328\Desktop\fast\springboot)
16:25:55.226 [main] INFO  c.f.SpringbootApplication - [logStartupProfileInfo,652] - No active profile set, falling back to 1 default profile: "default"
16:25:55.965 [main] INFO  o.a.c.h.Http11NioProtocol - [log,168] - Initializing ProtocolHandler ["http-nio-8080"]
16:25:55.965 [main] INFO  o.a.c.c.StandardService - [log,168] - Starting service [Tomcat]
16:25:55.965 [main] INFO  o.a.c.c.StandardEngine - [log,168] - Starting Servlet engine: [Apache Tomcat/10.1.50]
16:25:56.003 [main] INFO  o.a.c.c.C.[.[.[/] - [log,168] - Initializing Spring embedded WebApplicationContext
16:25:56.110 [main] INFO  c.a.d.s.b.a.DruidDataSourceAutoConfigure - [dataSource,68] - Init DruidDataSource
16:25:56.170 [main] INFO  c.a.d.p.DruidDataSource - [init,1002] - {dataSource-1} inited
16:25:56.611 [main] INFO  o.a.c.h.Http11NioProtocol - [log,168] - Starting ProtocolHandler ["http-nio-8080"]
16:25:56.636 [main] INFO  c.f.SpringbootApplication - [logStarted,59] - Started SpringbootApplication in 1.704 seconds (process running for 2.267)
16:26:00.449 [http-nio-8080-exec-1] INFO  o.a.c.c.C.[.[.[/] - [log,168] - Initializing Spring DispatcherServlet 'dispatcherServlet'
16:27:18.763 [SpringApplicationShutdownHook] INFO  c.a.d.p.DruidDataSource - [close,2204] - {dataSource-1} closing ...
16:27:18.766 [SpringApplicationShutdownHook] INFO  c.a.d.p.DruidDataSource - [close,2277] - {dataSource-1} closed
16:27:20.629 [main] INFO  c.f.SpringbootApplication - [logStarting,53] - Starting SpringbootApplication using Java 17.0.9 with PID 80876 (C:\Users\89328\Desktop\fast\springboot\target\classes started by 89328 in C:\Users\89328\Desktop\fast\springboot)
16:27:20.630 [main] INFO  c.f.SpringbootApplication - [logStartupProfileInfo,652] - No active profile set, falling back to 1 default profile: "default"
16:27:21.340 [main] INFO  o.a.c.h.Http11NioProtocol - [log,168] - Initializing ProtocolHandler ["http-nio-8080"]
16:27:21.341 [main] INFO  o.a.c.c.StandardService - [log,168] - Starting service [Tomcat]
16:27:21.341 [main] INFO  o.a.c.c.StandardEngine - [log,168] - Starting Servlet engine: [Apache Tomcat/10.1.50]
16:27:21.380 [main] INFO  o.a.c.c.C.[.[.[/] - [log,168] - Initializing Spring embedded WebApplicationContext
16:27:21.443 [main] INFO  c.a.d.s.b.a.DruidDataSourceAutoConfigure - [dataSource,68] - Init DruidDataSource
16:27:21.491 [main] INFO  c.a.d.p.DruidDataSource - [init,1002] - {dataSource-1} inited
16:27:21.841 [main] INFO  o.a.c.h.Http11NioProtocol - [log,168] - Starting ProtocolHandler ["http-nio-8080"]
16:27:21.862 [main] INFO  c.f.SpringbootApplication - [logStarted,59] - Started SpringbootApplication in 1.52 seconds (process running for 2.17)
16:28:04.723 [http-nio-8080-exec-1] INFO  o.a.c.c.C.[.[.[/] - [log,168] - Initializing Spring DispatcherServlet 'dispatcherServlet'
16:30:40.768 [SpringApplicationShutdownHook] INFO  c.a.d.p.DruidDataSource - [close,2204] - {dataSource-1} closing ...
16:30:40.772 [SpringApplicationShutdownHook] INFO  c.a.d.p.DruidDataSource - [close,2277] - {dataSource-1} closed
16:30:42.634 [main] INFO  c.f.SpringbootApplication - [logStarting,53] - Starting SpringbootApplication using Java 17.0.9 with PID 93600 (C:\Users\89328\Desktop\fast\springboot\target\classes started by 89328 in C:\Users\89328\Desktop\fast\springboot)
16:30:42.637 [main] INFO  c.f.SpringbootApplication - [logStartupProfileInfo,652] - No active profile set, falling back to 1 default profile: "default"
16:30:43.379 [main] INFO  o.a.c.h.Http11NioProtocol - [log,168] - Initializing ProtocolHandler ["http-nio-8080"]
16:30:43.380 [main] INFO  o.a.c.c.StandardService - [log,168] - Starting service [Tomcat]
16:30:43.381 [main] INFO  o.a.c.c.StandardEngine - [log,168] - Starting Servlet engine: [Apache Tomcat/10.1.50]
16:30:43.418 [main] INFO  o.a.c.c.C.[.[.[/] - [log,168] - Initializing Spring embedded WebApplicationContext
16:30:43.484 [main] INFO  c.a.d.s.b.a.DruidDataSourceAutoConfigure - [dataSource,68] - Init DruidDataSource
16:30:43.532 [main] INFO  c.a.d.p.DruidDataSource - [init,1002] - {dataSource-1} inited
16:30:43.929 [main] INFO  o.a.c.h.Http11NioProtocol - [log,168] - Starting ProtocolHandler ["http-nio-8080"]
16:30:43.951 [main] INFO  c.f.SpringbootApplication - [logStarted,59] - Started SpringbootApplication in 1.611 seconds (process running for 2.221)
16:30:51.227 [http-nio-8080-exec-1] INFO  o.a.c.c.C.[.[.[/] - [log,168] - Initializing Spring DispatcherServlet 'dispatcherServlet'
16:36:41.844 [SpringApplicationShutdownHook] INFO  c.a.d.p.DruidDataSource - [close,2204] - {dataSource-1} closing ...
16:36:41.847 [SpringApplicationShutdownHook] INFO  c.a.d.p.DruidDataSource - [close,2277] - {dataSource-1} closed
16:36:44.218 [main] INFO  c.f.SpringbootApplication - [logStarting,53] - Starting SpringbootApplication using Java 17.0.9 with PID 92688 (C:\Users\89328\Desktop\fast\springboot\target\classes started by 89328 in C:\Users\89328\Desktop\fast\springboot)
16:36:44.220 [main] INFO  c.f.SpringbootApplication - [logStartupProfileInfo,652] - No active profile set, falling back to 1 default profile: "default"
16:36:44.875 [main] INFO  o.a.c.h.Http11NioProtocol - [log,168] - Initializing ProtocolHandler ["http-nio-8080"]
16:36:44.876 [main] INFO  o.a.c.c.StandardService - [log,168] - Starting service [Tomcat]
16:36:44.876 [main] INFO  o.a.c.c.StandardEngine - [log,168] - Starting Servlet engine: [Apache Tomcat/10.1.50]
16:36:44.909 [main] INFO  o.a.c.c.C.[.[.[/] - [log,168] - Initializing Spring embedded WebApplicationContext
16:36:44.968 [main] INFO  c.a.d.s.b.a.DruidDataSourceAutoConfigure - [dataSource,68] - Init DruidDataSource
16:36:45.019 [main] INFO  c.a.d.p.DruidDataSource - [init,1002] - {dataSource-1} inited
16:36:45.373 [main] INFO  o.a.c.h.Http11NioProtocol - [log,168] - Starting ProtocolHandler ["http-nio-8080"]
16:36:45.392 [main] INFO  c.f.SpringbootApplication - [logStarted,59] - Started SpringbootApplication in 1.463 seconds (process running for 2.007)
16:36:54.909 [http-nio-8080-exec-1] INFO  o.a.c.c.C.[.[.[/] - [log,168] - Initializing Spring DispatcherServlet 'dispatcherServlet'
16:54:00.651 [SpringApplicationShutdownHook] INFO  c.a.d.p.DruidDataSource - [close,2204] - {dataSource-1} closing ...
16:54:00.654 [SpringApplicationShutdownHook] INFO  c.a.d.p.DruidDataSource - [close,2277] - {dataSource-1} closed
16:54:03.087 [main] INFO  c.f.SpringbootApplication - [logStarting,53] - Starting SpringbootApplication using Java 17.0.9 with PID 89760 (C:\Users\89328\Desktop\fast\springboot\target\classes started by 89328 in C:\Users\89328\Desktop\fast\springboot)
16:54:03.091 [main] INFO  c.f.SpringbootApplication - [logStartupProfileInfo,652] - No active profile set, falling back to 1 default profile: "default"
16:54:03.881 [main] INFO  o.a.c.h.Http11NioProtocol - [log,168] - Initializing ProtocolHandler ["http-nio-8080"]
16:54:03.883 [main] INFO  o.a.c.c.StandardService - [log,168] - Starting service [Tomcat]
16:54:03.884 [main] INFO  o.a.c.c.StandardEngine - [log,168] - Starting Servlet engine: [Apache Tomcat/10.1.50]
16:54:03.923 [main] INFO  o.a.c.c.C.[.[.[/] - [log,168] - Initializing Spring embedded WebApplicationContext
16:54:03.992 [main] INFO  c.a.d.s.b.a.DruidDataSourceAutoConfigure - [dataSource,68] - Init DruidDataSource
16:54:04.046 [main] INFO  c.a.d.p.DruidDataSource - [init,1002] - {dataSource-1} inited
16:54:04.482 [main] INFO  o.a.c.h.Http11NioProtocol - [log,168] - Starting ProtocolHandler ["http-nio-8080"]
16:54:04.505 [main] INFO  c.f.SpringbootApplication - [logStarted,59] - Started SpringbootApplication in 1.718 seconds (process running for 2.257)
16:54:13.722 [http-nio-8080-exec-1] INFO  o.a.c.c.C.[.[.[/] - [log,168] - Initializing Spring DispatcherServlet 'dispatcherServlet'
16:58:12.784 [SpringApplicationShutdownHook] INFO  c.a.d.p.DruidDataSource - [close,2204] - {dataSource-1} closing ...
16:58:12.786 [SpringApplicationShutdownHook] INFO  c.a.d.p.DruidDataSource - [close,2277] - {dataSource-1} closed
16:58:15.078 [main] INFO  c.f.SpringbootApplication - [logStarting,53] - Starting SpringbootApplication using Java 17.0.9 with PID 71080 (C:\Users\89328\Desktop\fast\springboot\target\classes started by 89328 in C:\Users\89328\Desktop\fast\springboot)
16:58:15.081 [main] INFO  c.f.SpringbootApplication - [logStartupProfileInfo,652] - No active profile set, falling back to 1 default profile: "default"
16:58:15.737 [main] INFO  o.a.c.h.Http11NioProtocol - [log,168] - Initializing ProtocolHandler ["http-nio-8080"]
16:58:15.738 [main] INFO  o.a.c.c.StandardService - [log,168] - Starting service [Tomcat]
16:58:15.738 [main] INFO  o.a.c.c.StandardEngine - [log,168] - Starting Servlet engine: [Apache Tomcat/10.1.50]
16:58:15.774 [main] INFO  o.a.c.c.C.[.[.[/] - [log,168] - Initializing Spring embedded WebApplicationContext
16:58:15.832 [main] INFO  c.a.d.s.b.a.DruidDataSourceAutoConfigure - [dataSource,68] - Init DruidDataSource
16:58:15.876 [main] INFO  c.a.d.p.DruidDataSource - [init,1002] - {dataSource-1} inited
16:58:16.241 [main] INFO  o.a.c.h.Http11NioProtocol - [log,168] - Starting ProtocolHandler ["http-nio-8080"]
16:58:16.262 [main] INFO  c.f.SpringbootApplication - [logStarted,59] - Started SpringbootApplication in 1.45 seconds (process running for 1.978)
16:58:29.871 [http-nio-8080-exec-1] INFO  o.a.c.c.C.[.[.[/] - [log,168] - Initializing Spring DispatcherServlet 'dispatcherServlet'
17:00:33.603 [SpringApplicationShutdownHook] INFO  c.a.d.p.DruidDataSource - [close,2204] - {dataSource-1} closing ...
17:00:33.603 [SpringApplicationShutdownHook] INFO  c.a.d.p.DruidDataSource - [close,2277] - {dataSource-1} closed
17:00:36.201 [main] INFO  c.f.SpringbootApplication - [logStarting,53] - Starting SpringbootApplication using Java 17.0.9 with PID 93084 (C:\Users\89328\Desktop\fast\springboot\target\classes started by 89328 in C:\Users\89328\Desktop\fast\springboot)
17:00:36.202 [main] INFO  c.f.SpringbootApplication - [logStartupProfileInfo,652] - No active profile set, falling back to 1 default profile: "default"
17:00:36.958 [main] INFO  o.a.c.h.Http11NioProtocol - [log,168] - Initializing ProtocolHandler ["http-nio-8080"]
17:00:36.959 [main] INFO  o.a.c.c.StandardService - [log,168] - Starting service [Tomcat]
17:00:36.960 [main] INFO  o.a.c.c.StandardEngine - [log,168] - Starting Servlet engine: [Apache Tomcat/10.1.50]
17:00:36.994 [main] INFO  o.a.c.c.C.[.[.[/] - [log,168] - Initializing Spring embedded WebApplicationContext
17:00:37.064 [main] INFO  c.a.d.s.b.a.DruidDataSourceAutoConfigure - [dataSource,68] - Init DruidDataSource
17:00:37.135 [main] INFO  c.a.d.p.DruidDataSource - [init,1002] - {dataSource-1} inited
17:00:37.556 [main] INFO  o.a.c.h.Http11NioProtocol - [log,168] - Starting ProtocolHandler ["http-nio-8080"]
17:00:37.578 [main] INFO  c.f.SpringbootApplication - [logStarted,59] - Started SpringbootApplication in 1.662 seconds (process running for 2.185)
17:00:42.277 [http-nio-8080-exec-1] INFO  o.a.c.c.C.[.[.[/] - [log,168] - Initializing Spring DispatcherServlet 'dispatcherServlet'
17:01:57.652 [SpringApplicationShutdownHook] INFO  c.a.d.p.DruidDataSource - [close,2204] - {dataSource-1} closing ...
17:01:57.654 [SpringApplicationShutdownHook] INFO  c.a.d.p.DruidDataSource - [close,2277] - {dataSource-1} closed
17:01:59.876 [main] INFO  c.f.SpringbootApplication - [logStarting,53] - Starting SpringbootApplication using Java 17.0.9 with PID 92236 (C:\Users\89328\Desktop\fast\springboot\target\classes started by 89328 in C:\Users\89328\Desktop\fast\springboot)
17:01:59.879 [main] INFO  c.f.SpringbootApplication - [logStartupProfileInfo,652] - No active profile set, falling back to 1 default profile: "default"
17:02:00.589 [main] INFO  o.a.c.h.Http11NioProtocol - [log,168] - Initializing ProtocolHandler ["http-nio-8080"]
17:02:00.590 [main] INFO  o.a.c.c.StandardService - [log,168] - Starting service [Tomcat]
17:02:00.590 [main] INFO  o.a.c.c.StandardEngine - [log,168] - Starting Servlet engine: [Apache Tomcat/10.1.50]
17:02:00.626 [main] INFO  o.a.c.c.C.[.[.[/] - [log,168] - Initializing Spring embedded WebApplicationContext
17:02:00.691 [main] INFO  c.a.d.s.b.a.DruidDataSourceAutoConfigure - [dataSource,68] - Init DruidDataSource
17:02:00.743 [main] INFO  c.a.d.p.DruidDataSource - [init,1002] - {dataSource-1} inited
17:02:01.143 [main] INFO  o.a.c.h.Http11NioProtocol - [log,168] - Starting ProtocolHandler ["http-nio-8080"]
17:02:01.163 [main] INFO  c.f.SpringbootApplication - [logStarted,59] - Started SpringbootApplication in 1.566 seconds (process running for 2.097)
17:02:12.313 [http-nio-8080-exec-1] INFO  o.a.c.c.C.[.[.[/] - [log,168] - Initializing Spring DispatcherServlet 'dispatcherServlet'
17:11:12.588 [SpringApplicationShutdownHook] INFO  c.a.d.p.DruidDataSource - [close,2204] - {dataSource-1} closing ...
17:11:12.589 [SpringApplicationShutdownHook] INFO  c.a.d.p.DruidDataSource - [close,2277] - {dataSource-1} closed
17:11:14.464 [main] INFO  c.f.SpringbootApplication - [logStarting,53] - Starting SpringbootApplication using Java 17.0.9 with PID 83152 (C:\Users\89328\Desktop\fast\springboot\target\classes started by 89328 in C:\Users\89328\Desktop\fast\springboot)
17:11:14.466 [main] INFO  c.f.SpringbootApplication - [logStartupProfileInfo,652] - No active profile set, falling back to 1 default profile: "default"
17:11:15.324 [main] INFO  o.a.c.h.Http11NioProtocol - [log,168] - Initializing ProtocolHandler ["http-nio-8080"]
17:11:15.326 [main] INFO  o.a.c.c.StandardService - [log,168] - Starting service [Tomcat]
17:11:15.327 [main] INFO  o.a.c.c.StandardEngine - [log,168] - Starting Servlet engine: [Apache Tomcat/10.1.50]
17:11:15.369 [main] INFO  o.a.c.c.C.[.[.[/] - [log,168] - Initializing Spring embedded WebApplicationContext
17:11:15.444 [main] INFO  c.a.d.s.b.a.DruidDataSourceAutoConfigure - [dataSource,68] - Init DruidDataSource
17:11:15.502 [main] INFO  c.a.d.p.DruidDataSource - [init,1002] - {dataSource-1} inited
17:11:15.957 [main] INFO  o.a.c.h.Http11NioProtocol - [log,168] - Starting ProtocolHandler ["http-nio-8080"]
17:11:15.975 [main] INFO  c.f.SpringbootApplication - [logStarted,59] - Started SpringbootApplication in 1.813 seconds (process running for 2.438)
17:13:06.199 [http-nio-8080-exec-1] INFO  o.a.c.c.C.[.[.[/] - [log,168] - Initializing Spring DispatcherServlet 'dispatcherServlet'
17:17:27.730 [SpringApplicationShutdownHook] INFO  c.a.d.p.DruidDataSource - [close,2204] - {dataSource-1} closing ...
17:17:27.731 [SpringApplicationShutdownHook] INFO  c.a.d.p.DruidDataSource - [close,2277] - {dataSource-1} closed
17:17:30.570 [main] INFO  c.f.SpringbootApplication - [logStarting,53] - Starting SpringbootApplication using Java 17.0.9 with PID 83620 (C:\Users\89328\Desktop\fast\springboot\target\classes started by 89328 in C:\Users\89328\Desktop\fast\springboot)
17:17:30.572 [main] INFO  c.f.SpringbootApplication - [logStartupProfileInfo,652] - No active profile set, falling back to 1 default profile: "default"
17:17:31.366 [main] INFO  o.a.c.h.Http11NioProtocol - [log,168] - Initializing ProtocolHandler ["http-nio-8080"]
17:17:31.367 [main] INFO  o.a.c.c.StandardService - [log,168] - Starting service [Tomcat]
17:17:31.368 [main] INFO  o.a.c.c.StandardEngine - [log,168] - Starting Servlet engine: [Apache Tomcat/10.1.50]
17:17:31.418 [main] INFO  o.a.c.c.C.[.[.[/] - [log,168] - Initializing Spring embedded WebApplicationContext
17:17:31.504 [main] INFO  c.a.d.s.b.a.DruidDataSourceAutoConfigure - [dataSource,68] - Init DruidDataSource
17:17:31.570 [main] INFO  c.a.d.p.DruidDataSource - [init,1002] - {dataSource-1} inited
17:17:32.038 [main] INFO  o.a.c.h.Http11NioProtocol - [log,168] - Starting ProtocolHandler ["http-nio-8080"]
17:17:32.059 [main] INFO  c.f.SpringbootApplication - [logStarted,59] - Started SpringbootApplication in 1.863 seconds (process running for 2.534)
17:20:46.818 [http-nio-8080-exec-1] INFO  o.a.c.c.C.[.[.[/] - [log,168] - Initializing Spring DispatcherServlet 'dispatcherServlet'
17:41:26.766 [SpringApplicationShutdownHook] INFO  c.a.d.p.DruidDataSource - [close,2204] - {dataSource-1} closing ...
17:41:26.773 [SpringApplicationShutdownHook] INFO  c.a.d.p.DruidDataSource - [close,2277] - {dataSource-1} closed
17:41:29.509 [main] INFO  c.f.SpringbootApplication - [logStarting,53] - Starting SpringbootApplication using Java 17.0.9 with PID 91908 (C:\Users\89328\Desktop\fast\springboot\target\classes started by 89328 in C:\Users\89328\Desktop\fast\springboot)
17:41:29.511 [main] INFO  c.f.SpringbootApplication - [logStartupProfileInfo,652] - No active profile set, falling back to 1 default profile: "default"
17:41:30.289 [main] INFO  o.a.c.h.Http11NioProtocol - [log,168] - Initializing ProtocolHandler ["http-nio-8080"]
17:41:30.290 [main] INFO  o.a.c.c.StandardService - [log,168] - Starting service [Tomcat]
17:41:30.291 [main] INFO  o.a.c.c.StandardEngine - [log,168] - Starting Servlet engine: [Apache Tomcat/10.1.50]
17:41:30.337 [main] INFO  o.a.c.c.C.[.[.[/] - [log,168] - Initializing Spring embedded WebApplicationContext
17:41:30.410 [main] INFO  c.a.d.s.b.a.DruidDataSourceAutoConfigure - [dataSource,68] - Init DruidDataSource
17:41:30.463 [main] INFO  c.a.d.p.DruidDataSource - [init,1002] - {dataSource-1} inited
17:41:30.882 [main] INFO  o.a.c.h.Http11NioProtocol - [log,168] - Starting ProtocolHandler ["http-nio-8080"]
17:41:30.902 [main] INFO  c.f.SpringbootApplication - [logStarted,59] - Started SpringbootApplication in 1.691 seconds (process running for 2.335)
17:41:34.241 [http-nio-8080-exec-1] INFO  o.a.c.c.C.[.[.[/] - [log,168] - Initializing Spring DispatcherServlet 'dispatcherServlet'
17:42:12.038 [SpringApplicationShutdownHook] INFO  c.a.d.p.DruidDataSource - [close,2204] - {dataSource-1} closing ...
17:42:12.042 [SpringApplicationShutdownHook] INFO  c.a.d.p.DruidDataSource - [close,2277] - {dataSource-1} closed
17:42:19.622 [main] INFO  c.f.SpringbootApplication - [logStarting,53] - Starting SpringbootApplication using Java 17.0.9 with PID 72644 (C:\Users\89328\Desktop\fast\springboot\target\classes started by 89328 in C:\Users\89328\Desktop\fast\springboot)
17:42:19.624 [main] INFO  c.f.SpringbootApplication - [logStartupProfileInfo,652] - No active profile set, falling back to 1 default profile: "default"
17:42:20.322 [main] INFO  o.a.c.h.Http11NioProtocol - [log,168] - Initializing ProtocolHandler ["http-nio-8080"]
17:42:20.323 [main] INFO  o.a.c.c.StandardService - [log,168] - Starting service [Tomcat]
17:42:20.323 [main] INFO  o.a.c.c.StandardEngine - [log,168] - Starting Servlet engine: [Apache Tomcat/10.1.50]
17:42:20.359 [main] INFO  o.a.c.c.C.[.[.[/] - [log,168] - Initializing Spring embedded WebApplicationContext
17:42:20.420 [main] INFO  c.a.d.s.b.a.DruidDataSourceAutoConfigure - [dataSource,68] - Init DruidDataSource
17:42:20.467 [main] INFO  c.a.d.p.DruidDataSource - [init,1002] - {dataSource-1} inited
17:42:20.841 [main] INFO  o.a.c.h.Http11NioProtocol - [log,168] - Starting ProtocolHandler ["http-nio-8080"]
17:42:20.860 [main] INFO  c.f.SpringbootApplication - [logStarted,59] - Started SpringbootApplication in 1.515 seconds (process running for 2.131)
17:42:24.711 [http-nio-8080-exec-1] INFO  o.a.c.c.C.[.[.[/] - [log,168] - Initializing Spring DispatcherServlet 'dispatcherServlet'
17:45:07.485 [SpringApplicationShutdownHook] INFO  c.a.d.p.DruidDataSource - [close,2204] - {dataSource-1} closing ...
17:45:07.487 [SpringApplicationShutdownHook] INFO  c.a.d.p.DruidDataSource - [close,2277] - {dataSource-1} closed
17:45:09.630 [main] INFO  c.f.SpringbootApplication - [logStarting,53] - Starting SpringbootApplication using Java 17.0.9 with PID 74156 (C:\Users\89328\Desktop\fast\springboot\target\classes started by 89328 in C:\Users\89328\Desktop\fast\springboot)
17:45:09.631 [main] INFO  c.f.SpringbootApplication - [logStartupProfileInfo,652] - No active profile set, falling back to 1 default profile: "default"
17:45:10.284 [main] INFO  o.a.c.h.Http11NioProtocol - [log,168] - Initializing ProtocolHandler ["http-nio-8080"]
17:45:10.286 [main] INFO  o.a.c.c.StandardService - [log,168] - Starting service [Tomcat]
17:45:10.286 [main] INFO  o.a.c.c.StandardEngine - [log,168] - Starting Servlet engine: [Apache Tomcat/10.1.50]
17:45:10.330 [main] INFO  o.a.c.c.C.[.[.[/] - [log,168] - Initializing Spring embedded WebApplicationContext
17:45:10.399 [main] INFO  c.a.d.s.b.a.DruidDataSourceAutoConfigure - [dataSource,68] - Init DruidDataSource
17:45:10.446 [main] INFO  c.a.d.p.DruidDataSource - [init,1002] - {dataSource-1} inited
17:45:10.785 [main] INFO  o.a.c.h.Http11NioProtocol - [log,168] - Starting ProtocolHandler ["http-nio-8080"]
17:45:10.802 [main] INFO  c.f.SpringbootApplication - [logStarted,59] - Started SpringbootApplication in 1.427 seconds (process running for 1.872)
17:45:24.532 [http-nio-8080-exec-1] INFO  o.a.c.c.C.[.[.[/] - [log,168] - Initializing Spring DispatcherServlet 'dispatcherServlet'
17:52:58.882 [SpringApplicationShutdownHook] INFO  c.a.d.p.DruidDataSource - [close,2204] - {dataSource-1} closing ...
17:52:58.884 [SpringApplicationShutdownHook] INFO  c.a.d.p.DruidDataSource - [close,2277] - {dataSource-1} closed
