10:32:39.672 [main] INFO  c.f.SpringbootApplication - [logStarting,53] - Starting SpringbootApplication using Java 17.0.9 with PID 74408 (C:\Users\89328\Desktop\fast\springboot\target\classes started by 89328 in C:\Users\89328\Desktop\fast)
10:32:39.676 [main] INFO  c.f.SpringbootApplication - [logStartupProfileInfo,652] - No active profile set, falling back to 1 default profile: "default"
10:32:40.628 [main] INFO  o.a.c.h.Http11NioProtocol - [log,168] - Initializing ProtocolHandler ["http-nio-8080"]
10:32:40.630 [main] INFO  o.a.c.c.StandardService - [log,168] - Starting service [Tomcat]
10:32:40.630 [main] INFO  o.a.c.c.StandardEngine - [log,168] - Starting Servlet engine: [Apache Tomcat/10.1.50]
10:32:40.672 [main] INFO  o.a.c.c.C.[.[.[/] - [log,168] - Initializing Spring embedded WebApplicationContext
10:32:40.934 [main] INFO  c.a.d.s.b.a.DruidDataSourceAutoConfigure - [dataSource,68] - Init DruidDataSource
10:32:41.002 [main] INFO  c.a.d.p.DruidDataSource - [init,1002] - {dataSource-1} inited
10:32:41.153 [main] INFO  o.a.c.h.Http11NioProtocol - [log,168] - Starting ProtocolHandler ["http-nio-8080"]
10:32:41.179 [main] INFO  c.f.SpringbootApplication - [logStarted,59] - Started SpringbootApplication in 1.831 seconds (process running for 2.514)
10:32:44.978 [http-nio-8080-exec-1] INFO  o.a.c.c.C.[.[.[/] - [log,168] - Initializing Spring DispatcherServlet 'dispatcherServlet'
10:38:54.426 [SpringApplicationShutdownHook] INFO  c.a.d.p.DruidDataSource - [close,2204] - {dataSource-1} closing ...
10:38:54.429 [SpringApplicationShutdownHook] INFO  c.a.d.p.DruidDataSource - [close,2277] - {dataSource-1} closed
10:38:57.669 [main] INFO  c.f.SpringbootApplication - [logStarting,53] - Starting SpringbootApplication using Java 17.0.9 with PID 74320 (C:\Users\89328\Desktop\fast\springboot\target\classes started by 89328 in C:\Users\89328\Desktop\fast)
10:38:57.671 [main] INFO  c.f.SpringbootApplication - [logStartupProfileInfo,652] - No active profile set, falling back to 1 default profile: "default"
10:38:58.501 [main] INFO  o.a.c.h.Http11NioProtocol - [log,168] - Initializing ProtocolHandler ["http-nio-8080"]
10:38:58.502 [main] INFO  o.a.c.c.StandardService - [log,168] - Starting service [Tomcat]
10:38:58.504 [main] INFO  o.a.c.c.StandardEngine - [log,168] - Starting Servlet engine: [Apache Tomcat/10.1.50]
10:38:58.551 [main] INFO  o.a.c.c.C.[.[.[/] - [log,168] - Initializing Spring embedded WebApplicationContext
10:38:58.787 [main] INFO  c.a.d.s.b.a.DruidDataSourceAutoConfigure - [dataSource,68] - Init DruidDataSource
10:38:58.846 [main] INFO  c.a.d.p.DruidDataSource - [init,1002] - {dataSource-1} inited
10:38:58.999 [main] INFO  o.a.c.h.Http11NioProtocol - [log,168] - Starting ProtocolHandler ["http-nio-8080"]
10:38:59.019 [main] INFO  c.f.SpringbootApplication - [logStarted,59] - Started SpringbootApplication in 1.674 seconds (process running for 2.747)
10:39:07.690 [http-nio-8080-exec-1] INFO  o.a.c.c.C.[.[.[/] - [log,168] - Initializing Spring DispatcherServlet 'dispatcherServlet'
10:42:58.026 [SpringApplicationShutdownHook] INFO  c.a.d.p.DruidDataSource - [close,2204] - {dataSource-1} closing ...
10:42:58.027 [SpringApplicationShutdownHook] INFO  c.a.d.p.DruidDataSource - [close,2277] - {dataSource-1} closed
10:43:00.462 [main] INFO  c.f.SpringbootApplication - [logStarting,53] - Starting SpringbootApplication using Java 17.0.9 with PID 70184 (C:\Users\89328\Desktop\fast\springboot\target\classes started by 89328 in C:\Users\89328\Desktop\fast)
10:43:00.464 [main] INFO  c.f.SpringbootApplication - [logStartupProfileInfo,652] - No active profile set, falling back to 1 default profile: "default"
10:43:01.260 [main] INFO  o.a.c.h.Http11NioProtocol - [log,168] - Initializing ProtocolHandler ["http-nio-8080"]
10:43:01.263 [main] INFO  o.a.c.c.StandardService - [log,168] - Starting service [Tomcat]
10:43:01.263 [main] INFO  o.a.c.c.StandardEngine - [log,168] - Starting Servlet engine: [Apache Tomcat/10.1.50]
10:43:01.302 [main] INFO  o.a.c.c.C.[.[.[/] - [log,168] - Initializing Spring embedded WebApplicationContext
10:43:01.552 [main] INFO  c.a.d.s.b.a.DruidDataSourceAutoConfigure - [dataSource,68] - Init DruidDataSource
10:43:01.614 [main] INFO  c.a.d.p.DruidDataSource - [init,1002] - {dataSource-1} inited
10:43:01.781 [main] INFO  o.a.c.h.Http11NioProtocol - [log,168] - Starting ProtocolHandler ["http-nio-8080"]
10:43:01.803 [main] INFO  c.f.SpringbootApplication - [logStarted,59] - Started SpringbootApplication in 1.643 seconds (process running for 2.279)
10:43:03.503 [http-nio-8080-exec-1] INFO  o.a.c.c.C.[.[.[/] - [log,168] - Initializing Spring DispatcherServlet 'dispatcherServlet'
10:47:15.551 [SpringApplicationShutdownHook] INFO  c.a.d.p.DruidDataSource - [close,2204] - {dataSource-1} closing ...
10:47:15.552 [SpringApplicationShutdownHook] INFO  c.a.d.p.DruidDataSource - [close,2277] - {dataSource-1} closed
10:47:17.840 [main] INFO  c.f.SpringbootApplication - [logStarting,53] - Starting SpringbootApplication using Java 17.0.9 with PID 59864 (C:\Users\89328\Desktop\fast\springboot\target\classes started by 89328 in C:\Users\89328\Desktop\fast)
10:47:17.842 [main] INFO  c.f.SpringbootApplication - [logStartupProfileInfo,652] - No active profile set, falling back to 1 default profile: "default"
10:47:18.629 [main] INFO  o.a.c.h.Http11NioProtocol - [log,168] - Initializing ProtocolHandler ["http-nio-8080"]
10:47:18.630 [main] INFO  o.a.c.c.StandardService - [log,168] - Starting service [Tomcat]
10:47:18.631 [main] INFO  o.a.c.c.StandardEngine - [log,168] - Starting Servlet engine: [Apache Tomcat/10.1.50]
10:47:18.672 [main] INFO  o.a.c.c.C.[.[.[/] - [log,168] - Initializing Spring embedded WebApplicationContext
10:47:18.896 [main] INFO  c.a.d.s.b.a.DruidDataSourceAutoConfigure - [dataSource,68] - Init DruidDataSource
10:47:18.950 [main] INFO  c.a.d.p.DruidDataSource - [init,1002] - {dataSource-1} inited
10:47:19.090 [main] INFO  o.a.c.h.Http11NioProtocol - [log,168] - Starting ProtocolHandler ["http-nio-8080"]
10:47:19.111 [main] INFO  c.f.SpringbootApplication - [logStarted,59] - Started SpringbootApplication in 1.568 seconds (process running for 2.159)
10:47:23.361 [http-nio-8080-exec-1] INFO  o.a.c.c.C.[.[.[/] - [log,168] - Initializing Spring DispatcherServlet 'dispatcherServlet'
