17:51:36.023 [main] INFO  c.f.SpringbootApplication - [logStarting,53] - Starting SpringbootApplication using Java 17.0.9 with PID 7448 (C:\Users\89328\Desktop\fast\springboot\target\classes started by 89328 in C:\Users\89328\Desktop\fast)
17:51:36.031 [main] INFO  c.f.SpringbootApplication - [logStartupProfileInfo,652] - No active profile set, falling back to 1 default profile: "default"
17:51:37.103 [main] INFO  o.a.c.h.Http11NioProtocol - [log,168] - Initializing ProtocolHandler ["http-nio-8080"]
17:51:37.105 [main] INFO  o.a.c.c.StandardService - [log,168] - Starting service [Tomcat]
17:51:37.106 [main] INFO  o.a.c.c.StandardEngine - [log,168] - Starting Servlet engine: [Apache Tomcat/10.1.50]
17:51:37.153 [main] INFO  o.a.c.c.C.[.[.[/] - [log,168] - Initializing Spring embedded WebApplicationContext
17:51:37.407 [main] INFO  c.a.d.s.b.a.DruidDataSourceAutoConfigure - [dataSource,68] - Init DruidDataSource
17:51:37.475 [main] INFO  c.a.d.p.DruidDataSource - [init,1002] - {dataSource-1} inited
17:51:37.641 [main] INFO  o.a.c.h.Http11NioProtocol - [log,168] - Starting ProtocolHandler ["http-nio-8080"]
17:51:37.664 [main] INFO  c.f.SpringbootApplication - [logStarted,59] - Started SpringbootApplication in 2.012 seconds (process running for 3.346)
17:51:49.861 [http-nio-8080-exec-1] INFO  o.a.c.c.C.[.[.[/] - [log,168] - Initializing Spring DispatcherServlet 'dispatcherServlet'
17:52:47.327 [SpringApplicationShutdownHook] INFO  c.a.d.p.DruidDataSource - [close,2204] - {dataSource-1} closing ...
17:52:47.328 [SpringApplicationShutdownHook] INFO  c.a.d.p.DruidDataSource - [close,2277] - {dataSource-1} closed
17:52:49.963 [main] INFO  c.f.SpringbootApplication - [logStarting,53] - Starting SpringbootApplication using Java 17.0.9 with PID 6872 (C:\Users\89328\Desktop\fast\springboot\target\classes started by 89328 in C:\Users\89328\Desktop\fast)
17:52:49.967 [main] INFO  c.f.SpringbootApplication - [logStartupProfileInfo,652] - No active profile set, falling back to 1 default profile: "default"
17:52:50.762 [main] INFO  o.a.c.h.Http11NioProtocol - [log,168] - Initializing ProtocolHandler ["http-nio-8080"]
17:52:50.764 [main] INFO  o.a.c.c.StandardService - [log,168] - Starting service [Tomcat]
17:52:50.764 [main] INFO  o.a.c.c.StandardEngine - [log,168] - Starting Servlet engine: [Apache Tomcat/10.1.50]
17:52:50.826 [main] INFO  o.a.c.c.C.[.[.[/] - [log,168] - Initializing Spring embedded WebApplicationContext
17:52:51.104 [main] INFO  c.a.d.s.b.a.DruidDataSourceAutoConfigure - [dataSource,68] - Init DruidDataSource
17:52:51.163 [main] INFO  c.a.d.p.DruidDataSource - [init,1002] - {dataSource-1} inited
17:52:51.330 [main] INFO  o.a.c.h.Http11NioProtocol - [log,168] - Starting ProtocolHandler ["http-nio-8080"]
17:52:51.353 [main] INFO  c.f.SpringbootApplication - [logStarted,59] - Started SpringbootApplication in 1.707 seconds (process running for 2.433)
17:52:52.012 [http-nio-8080-exec-1] INFO  o.a.c.c.C.[.[.[/] - [log,168] - Initializing Spring DispatcherServlet 'dispatcherServlet'
17:54:48.156 [SpringApplicationShutdownHook] INFO  c.a.d.p.DruidDataSource - [close,2204] - {dataSource-1} closing ...
17:54:48.157 [SpringApplicationShutdownHook] INFO  c.a.d.p.DruidDataSource - [close,2277] - {dataSource-1} closed
17:54:54.522 [main] INFO  c.f.SpringbootApplication - [logStarting,53] - Starting SpringbootApplication using Java 17.0.9 with PID 22144 (C:\Users\89328\Desktop\fast\springboot\target\classes started by 89328 in C:\Users\89328\Desktop\fast)
17:54:54.524 [main] INFO  c.f.SpringbootApplication - [logStartupProfileInfo,652] - No active profile set, falling back to 1 default profile: "default"
17:54:55.381 [main] INFO  o.a.c.h.Http11NioProtocol - [log,168] - Initializing ProtocolHandler ["http-nio-8080"]
17:54:55.382 [main] INFO  o.a.c.c.StandardService - [log,168] - Starting service [Tomcat]
17:54:55.383 [main] INFO  o.a.c.c.StandardEngine - [log,168] - Starting Servlet engine: [Apache Tomcat/10.1.50]
17:54:55.434 [main] INFO  o.a.c.c.C.[.[.[/] - [log,168] - Initializing Spring embedded WebApplicationContext
17:54:55.715 [main] INFO  c.a.d.s.b.a.DruidDataSourceAutoConfigure - [dataSource,68] - Init DruidDataSource
17:54:55.786 [main] INFO  c.a.d.p.DruidDataSource - [init,1002] - {dataSource-1} inited
17:54:55.991 [main] INFO  o.a.c.h.Http11NioProtocol - [log,168] - Starting ProtocolHandler ["http-nio-8080"]
17:54:56.025 [main] INFO  c.f.SpringbootApplication - [logStarted,59] - Started SpringbootApplication in 1.804 seconds (process running for 4.093)
17:54:58.251 [http-nio-8080-exec-1] INFO  o.a.c.c.C.[.[.[/] - [log,168] - Initializing Spring DispatcherServlet 'dispatcherServlet'
17:57:30.160 [SpringApplicationShutdownHook] INFO  c.a.d.p.DruidDataSource - [close,2204] - {dataSource-1} closing ...
17:57:30.162 [SpringApplicationShutdownHook] INFO  c.a.d.p.DruidDataSource - [close,2277] - {dataSource-1} closed
17:57:32.903 [main] INFO  c.f.SpringbootApplication - [logStarting,53] - Starting SpringbootApplication using Java 17.0.9 with PID 35716 (C:\Users\89328\Desktop\fast\springboot\target\classes started by 89328 in C:\Users\89328\Desktop\fast)
17:57:32.905 [main] INFO  c.f.SpringbootApplication - [logStartupProfileInfo,652] - No active profile set, falling back to 1 default profile: "default"
17:57:33.736 [main] INFO  o.a.c.h.Http11NioProtocol - [log,168] - Initializing ProtocolHandler ["http-nio-8080"]
17:57:33.738 [main] INFO  o.a.c.c.StandardService - [log,168] - Starting service [Tomcat]
17:57:33.738 [main] INFO  o.a.c.c.StandardEngine - [log,168] - Starting Servlet engine: [Apache Tomcat/10.1.50]
17:57:33.824 [main] INFO  o.a.c.c.C.[.[.[/] - [log,168] - Initializing Spring embedded WebApplicationContext
17:57:34.089 [main] INFO  c.a.d.s.b.a.DruidDataSourceAutoConfigure - [dataSource,68] - Init DruidDataSource
17:57:34.149 [main] INFO  c.a.d.p.DruidDataSource - [init,1002] - {dataSource-1} inited
17:57:34.299 [main] INFO  o.a.c.h.Http11NioProtocol - [log,168] - Starting ProtocolHandler ["http-nio-8080"]
17:57:34.321 [main] INFO  c.f.SpringbootApplication - [logStarted,59] - Started SpringbootApplication in 1.742 seconds (process running for 2.485)
17:57:42.875 [http-nio-8080-exec-1] INFO  o.a.c.c.C.[.[.[/] - [log,168] - Initializing Spring DispatcherServlet 'dispatcherServlet'
18:00:45.647 [SpringApplicationShutdownHook] INFO  c.a.d.p.DruidDataSource - [close,2204] - {dataSource-1} closing ...
18:00:45.650 [SpringApplicationShutdownHook] INFO  c.a.d.p.DruidDataSource - [close,2277] - {dataSource-1} closed
18:00:48.311 [main] INFO  c.f.SpringbootApplication - [logStarting,53] - Starting SpringbootApplication using Java 17.0.9 with PID 2256 (C:\Users\89328\Desktop\fast\springboot\target\classes started by 89328 in C:\Users\89328\Desktop\fast)
18:00:48.313 [main] INFO  c.f.SpringbootApplication - [logStartupProfileInfo,652] - No active profile set, falling back to 1 default profile: "default"
18:00:49.068 [main] INFO  o.a.c.h.Http11NioProtocol - [log,168] - Initializing ProtocolHandler ["http-nio-8080"]
18:00:49.070 [main] INFO  o.a.c.c.StandardService - [log,168] - Starting service [Tomcat]
18:00:49.071 [main] INFO  o.a.c.c.StandardEngine - [log,168] - Starting Servlet engine: [Apache Tomcat/10.1.50]
18:00:49.114 [main] INFO  o.a.c.c.C.[.[.[/] - [log,168] - Initializing Spring embedded WebApplicationContext
18:00:49.315 [main] INFO  c.a.d.s.b.a.DruidDataSourceAutoConfigure - [dataSource,68] - Init DruidDataSource
18:00:49.362 [main] INFO  c.a.d.p.DruidDataSource - [init,1002] - {dataSource-1} inited
18:00:49.491 [main] INFO  o.a.c.h.Http11NioProtocol - [log,168] - Starting ProtocolHandler ["http-nio-8080"]
18:00:49.512 [main] INFO  c.f.SpringbootApplication - [logStarted,59] - Started SpringbootApplication in 1.483 seconds (process running for 2.151)
18:00:52.292 [http-nio-8080-exec-1] INFO  o.a.c.c.C.[.[.[/] - [log,168] - Initializing Spring DispatcherServlet 'dispatcherServlet'
18:00:59.095 [SpringApplicationShutdownHook] INFO  c.a.d.p.DruidDataSource - [close,2204] - {dataSource-1} closing ...
18:00:59.095 [SpringApplicationShutdownHook] INFO  c.a.d.p.DruidDataSource - [close,2277] - {dataSource-1} closed
18:01:01.622 [main] INFO  c.f.SpringbootApplication - [logStarting,53] - Starting SpringbootApplication using Java 17.0.9 with PID 36580 (C:\Users\89328\Desktop\fast\springboot\target\classes started by 89328 in C:\Users\89328\Desktop\fast)
18:01:01.624 [main] INFO  c.f.SpringbootApplication - [logStartupProfileInfo,652] - No active profile set, falling back to 1 default profile: "default"
18:01:02.344 [main] INFO  o.a.c.h.Http11NioProtocol - [log,168] - Initializing ProtocolHandler ["http-nio-8080"]
18:01:02.345 [main] INFO  o.a.c.c.StandardService - [log,168] - Starting service [Tomcat]
18:01:02.346 [main] INFO  o.a.c.c.StandardEngine - [log,168] - Starting Servlet engine: [Apache Tomcat/10.1.50]
18:01:02.392 [main] INFO  o.a.c.c.C.[.[.[/] - [log,168] - Initializing Spring embedded WebApplicationContext
18:01:02.628 [main] INFO  c.a.d.s.b.a.DruidDataSourceAutoConfigure - [dataSource,68] - Init DruidDataSource
18:01:02.690 [main] INFO  c.a.d.p.DruidDataSource - [init,1002] - {dataSource-1} inited
18:01:02.825 [main] INFO  o.a.c.h.Http11NioProtocol - [log,168] - Starting ProtocolHandler ["http-nio-8080"]
18:01:02.845 [main] INFO  c.f.SpringbootApplication - [logStarted,59] - Started SpringbootApplication in 1.537 seconds (process running for 2.126)
18:01:03.530 [http-nio-8080-exec-1] INFO  o.a.c.c.C.[.[.[/] - [log,168] - Initializing Spring DispatcherServlet 'dispatcherServlet'
