10:57:35.667 [main] INFO  o.f.s.SpringbootApplication - [logStarting,53] - Starting SpringbootApplication using Java 17.0.9 with PID 30280 (C:\Users\89328\Desktop\fast\springboot\target\classes started by 89328 in C:\Users\89328\Desktop\fast)
10:57:35.670 [main] INFO  o.f.s.SpringbootApplication - [logStartupProfileInfo,652] - No active profile set, falling back to 1 default profile: "default"
10:57:36.326 [main] INFO  o.a.c.h.Http11NioProtocol - [log,168] - Initializing ProtocolHandler ["http-nio-8080"]
10:57:36.327 [main] INFO  o.a.c.c.StandardService - [log,168] - Starting service [Tomcat]
10:57:36.328 [main] INFO  o.a.c.c.StandardEngine - [log,168] - Starting Servlet engine: [Apache Tomcat/10.1.50]
10:57:36.370 [main] INFO  o.a.c.c.C.[.[.[/] - [log,168] - Initializing Spring embedded WebApplicationContext
10:57:36.568 [main] INFO  c.a.d.s.b.a.DruidDataSourceAutoConfigure - [dataSource,68] - Init DruidDataSource
10:57:36.614 [main] INFO  c.a.d.p.DruidDataSource - [init,1002] - {dataSource-1} inited
10:57:36.741 [main] INFO  o.a.c.h.Http11NioProtocol - [log,168] - Starting ProtocolHandler ["http-nio-8080"]
10:57:36.770 [main] INFO  o.f.s.SpringbootApplication - [logStarted,59] - Started SpringbootApplication in 1.374 seconds (process running for 4.319)
11:51:21.464 [http-nio-8080-exec-1] INFO  o.a.c.c.C.[.[.[/] - [log,168] - Initializing Spring DispatcherServlet 'dispatcherServlet'
11:59:48.513 [SpringApplicationShutdownHook] INFO  c.a.d.p.DruidDataSource - [close,2204] - {dataSource-1} closing ...
11:59:48.516 [SpringApplicationShutdownHook] INFO  c.a.d.p.DruidDataSource - [close,2277] - {dataSource-1} closed
11:59:51.357 [main] INFO  c.f.SpringbootApplication - [logStarting,53] - Starting SpringbootApplication using Java 17.0.9 with PID 32520 (C:\Users\89328\Desktop\fast\springboot\target\classes started by 89328 in C:\Users\89328\Desktop\fast)
11:59:51.359 [main] INFO  c.f.SpringbootApplication - [logStartupProfileInfo,652] - No active profile set, falling back to 1 default profile: "default"
11:59:52.065 [main] INFO  o.a.c.h.Http11NioProtocol - [log,168] - Initializing ProtocolHandler ["http-nio-8080"]
11:59:52.066 [main] INFO  o.a.c.c.StandardService - [log,168] - Starting service [Tomcat]
11:59:52.066 [main] INFO  o.a.c.c.StandardEngine - [log,168] - Starting Servlet engine: [Apache Tomcat/10.1.50]
11:59:52.108 [main] INFO  o.a.c.c.C.[.[.[/] - [log,168] - Initializing Spring embedded WebApplicationContext
11:59:52.303 [main] INFO  c.a.d.s.b.a.DruidDataSourceAutoConfigure - [dataSource,68] - Init DruidDataSource
11:59:52.351 [main] INFO  c.a.d.p.DruidDataSource - [init,1002] - {dataSource-1} inited
11:59:52.474 [main] INFO  o.a.c.h.Http11NioProtocol - [log,168] - Starting ProtocolHandler ["http-nio-8080"]
11:59:52.493 [main] INFO  c.f.SpringbootApplication - [logStarted,59] - Started SpringbootApplication in 1.444 seconds (process running for 2.084)
11:59:55.194 [http-nio-8080-exec-1] INFO  o.a.c.c.C.[.[.[/] - [log,168] - Initializing Spring DispatcherServlet 'dispatcherServlet'
12:00:21.939 [SpringApplicationShutdownHook] INFO  c.a.d.p.DruidDataSource - [close,2204] - {dataSource-1} closing ...
12:00:21.939 [SpringApplicationShutdownHook] INFO  c.a.d.p.DruidDataSource - [close,2277] - {dataSource-1} closed
12:00:24.078 [main] INFO  c.f.SpringbootApplication - [logStarting,53] - Starting SpringbootApplication using Java 17.0.9 with PID 45152 (C:\Users\89328\Desktop\fast\springboot\target\classes started by 89328 in C:\Users\89328\Desktop\fast)
12:00:24.079 [main] INFO  c.f.SpringbootApplication - [logStartupProfileInfo,652] - No active profile set, falling back to 1 default profile: "default"
12:00:24.770 [main] INFO  o.a.c.h.Http11NioProtocol - [log,168] - Initializing ProtocolHandler ["http-nio-8080"]
12:00:24.771 [main] INFO  o.a.c.c.StandardService - [log,168] - Starting service [Tomcat]
12:00:24.771 [main] INFO  o.a.c.c.StandardEngine - [log,168] - Starting Servlet engine: [Apache Tomcat/10.1.50]
12:00:24.811 [main] INFO  o.a.c.c.C.[.[.[/] - [log,168] - Initializing Spring embedded WebApplicationContext
12:00:25.017 [main] INFO  c.a.d.s.b.a.DruidDataSourceAutoConfigure - [dataSource,68] - Init DruidDataSource
12:00:25.083 [main] INFO  c.a.d.p.DruidDataSource - [init,1002] - {dataSource-1} inited
12:00:25.235 [main] INFO  o.a.c.h.Http11NioProtocol - [log,168] - Starting ProtocolHandler ["http-nio-8080"]
12:00:25.258 [main] INFO  c.f.SpringbootApplication - [logStarted,59] - Started SpringbootApplication in 1.466 seconds (process running for 1.988)
12:00:27.610 [http-nio-8080-exec-2] INFO  o.a.c.c.C.[.[.[/] - [log,168] - Initializing Spring DispatcherServlet 'dispatcherServlet'
14:30:29.449 [main] INFO  c.f.SpringbootApplication - [logStarting,53] - Starting SpringbootApplication using Java 17.0.9 with PID 53620 (C:\Users\89328\Desktop\fast\springboot\target\classes started by 89328 in C:\Users\89328\Desktop\fast)
14:30:29.451 [main] INFO  c.f.SpringbootApplication - [logStartupProfileInfo,652] - No active profile set, falling back to 1 default profile: "default"
14:30:30.272 [main] INFO  o.a.c.h.Http11NioProtocol - [log,168] - Initializing ProtocolHandler ["http-nio-8080"]
14:30:30.273 [main] INFO  o.a.c.c.StandardService - [log,168] - Starting service [Tomcat]
14:30:30.274 [main] INFO  o.a.c.c.StandardEngine - [log,168] - Starting Servlet engine: [Apache Tomcat/10.1.50]
14:30:30.319 [main] INFO  o.a.c.c.C.[.[.[/] - [log,168] - Initializing Spring embedded WebApplicationContext
14:30:30.574 [main] INFO  c.a.d.s.b.a.DruidDataSourceAutoConfigure - [dataSource,68] - Init DruidDataSource
14:30:30.640 [main] INFO  c.a.d.p.DruidDataSource - [init,1002] - {dataSource-1} inited
14:30:30.807 [main] INFO  o.a.c.h.Http11NioProtocol - [log,168] - Starting ProtocolHandler ["http-nio-8080"]
14:30:30.829 [main] INFO  c.f.SpringbootApplication - [logStarted,59] - Started SpringbootApplication in 1.73 seconds (process running for 3.359)
14:30:45.479 [http-nio-8080-exec-2] INFO  o.a.c.c.C.[.[.[/] - [log,168] - Initializing Spring DispatcherServlet 'dispatcherServlet'
16:13:36.618 [SpringApplicationShutdownHook] INFO  c.a.d.p.DruidDataSource - [close,2204] - {dataSource-1} closing ...
16:13:36.623 [SpringApplicationShutdownHook] INFO  c.a.d.p.DruidDataSource - [close,2277] - {dataSource-1} closed
16:13:43.165 [main] INFO  c.f.SpringbootApplication - [logStarting,53] - Starting SpringbootApplication using Java 17.0.9 with PID 46536 (C:\Users\89328\Desktop\fast\springboot\target\classes started by 89328 in C:\Users\89328\Desktop\fast)
16:13:43.167 [main] INFO  c.f.SpringbootApplication - [logStartupProfileInfo,652] - No active profile set, falling back to 1 default profile: "default"
16:13:44.191 [main] INFO  o.a.c.h.Http11NioProtocol - [log,168] - Initializing ProtocolHandler ["http-nio-8080"]
16:13:44.194 [main] INFO  o.a.c.c.StandardService - [log,168] - Starting service [Tomcat]
16:13:44.194 [main] INFO  o.a.c.c.StandardEngine - [log,168] - Starting Servlet engine: [Apache Tomcat/10.1.50]
16:13:44.248 [main] INFO  o.a.c.c.C.[.[.[/] - [log,168] - Initializing Spring embedded WebApplicationContext
16:13:44.532 [main] INFO  c.a.d.s.b.a.DruidDataSourceAutoConfigure - [dataSource,68] - Init DruidDataSource
16:13:44.596 [main] INFO  c.a.d.p.DruidDataSource - [init,1002] - {dataSource-1} inited
16:13:44.769 [main] INFO  o.a.c.h.Http11NioProtocol - [log,168] - Starting ProtocolHandler ["http-nio-8080"]
16:13:44.795 [main] INFO  c.f.SpringbootApplication - [logStarted,59] - Started SpringbootApplication in 2.035 seconds (process running for 2.978)
16:13:48.063 [http-nio-8080-exec-1] INFO  o.a.c.c.C.[.[.[/] - [log,168] - Initializing Spring DispatcherServlet 'dispatcherServlet'
16:48:23.960 [SpringApplicationShutdownHook] INFO  c.a.d.p.DruidDataSource - [close,2204] - {dataSource-1} closing ...
16:48:23.965 [SpringApplicationShutdownHook] INFO  c.a.d.p.DruidDataSource - [close,2277] - {dataSource-1} closed
16:48:26.929 [main] INFO  c.f.SpringbootApplication - [logStarting,53] - Starting SpringbootApplication using Java 17.0.9 with PID 56268 (C:\Users\89328\Desktop\fast\springboot\target\classes started by 89328 in C:\Users\89328\Desktop\fast)
16:48:26.931 [main] INFO  c.f.SpringbootApplication - [logStartupProfileInfo,652] - No active profile set, falling back to 1 default profile: "default"
16:48:27.793 [main] INFO  o.a.c.h.Http11NioProtocol - [log,168] - Initializing ProtocolHandler ["http-nio-8080"]
16:48:27.794 [main] INFO  o.a.c.c.StandardService - [log,168] - Starting service [Tomcat]
16:48:27.795 [main] INFO  o.a.c.c.StandardEngine - [log,168] - Starting Servlet engine: [Apache Tomcat/10.1.50]
16:48:27.847 [main] INFO  o.a.c.c.C.[.[.[/] - [log,168] - Initializing Spring embedded WebApplicationContext
16:48:28.073 [main] INFO  c.a.d.s.b.a.DruidDataSourceAutoConfigure - [dataSource,68] - Init DruidDataSource
16:48:28.133 [main] INFO  c.a.d.p.DruidDataSource - [init,1002] - {dataSource-1} inited
16:48:28.279 [main] INFO  o.a.c.h.Http11NioProtocol - [log,168] - Starting ProtocolHandler ["http-nio-8080"]
16:48:28.302 [main] INFO  c.f.SpringbootApplication - [logStarted,59] - Started SpringbootApplication in 1.702 seconds (process running for 2.411)
16:49:10.196 [SpringApplicationShutdownHook] INFO  c.a.d.p.DruidDataSource - [close,2204] - {dataSource-1} closing ...
16:49:10.197 [SpringApplicationShutdownHook] INFO  c.a.d.p.DruidDataSource - [close,2277] - {dataSource-1} closed
16:49:12.085 [main] INFO  c.f.SpringbootApplication - [logStarting,53] - Starting SpringbootApplication using Java 17.0.9 with PID 62724 (C:\Users\89328\Desktop\fast\springboot\target\classes started by 89328 in C:\Users\89328\Desktop\fast)
16:49:12.086 [main] INFO  c.f.SpringbootApplication - [logStartupProfileInfo,652] - No active profile set, falling back to 1 default profile: "default"
16:49:12.946 [main] INFO  o.a.c.h.Http11NioProtocol - [log,168] - Initializing ProtocolHandler ["http-nio-8080"]
16:49:12.948 [main] INFO  o.a.c.c.StandardService - [log,168] - Starting service [Tomcat]
16:49:12.949 [main] INFO  o.a.c.c.StandardEngine - [log,168] - Starting Servlet engine: [Apache Tomcat/10.1.50]
16:49:12.995 [main] INFO  o.a.c.c.C.[.[.[/] - [log,168] - Initializing Spring embedded WebApplicationContext
16:49:13.275 [main] INFO  c.a.d.s.b.a.DruidDataSourceAutoConfigure - [dataSource,68] - Init DruidDataSource
16:49:13.338 [main] INFO  c.a.d.p.DruidDataSource - [init,1002] - {dataSource-1} inited
16:49:13.504 [main] INFO  o.a.c.h.Http11NioProtocol - [log,168] - Starting ProtocolHandler ["http-nio-8080"]
16:49:13.540 [main] INFO  c.f.SpringbootApplication - [logStarted,59] - Started SpringbootApplication in 1.807 seconds (process running for 2.499)
16:49:18.255 [http-nio-8080-exec-1] INFO  o.a.c.c.C.[.[.[/] - [log,168] - Initializing Spring DispatcherServlet 'dispatcherServlet'
16:49:43.826 [SpringApplicationShutdownHook] INFO  c.a.d.p.DruidDataSource - [close,2204] - {dataSource-1} closing ...
16:49:43.827 [SpringApplicationShutdownHook] INFO  c.a.d.p.DruidDataSource - [close,2277] - {dataSource-1} closed
16:49:46.250 [main] INFO  c.f.SpringbootApplication - [logStarting,53] - Starting SpringbootApplication using Java 17.0.9 with PID 44268 (C:\Users\89328\Desktop\fast\springboot\target\classes started by 89328 in C:\Users\89328\Desktop\fast)
16:49:46.253 [main] INFO  c.f.SpringbootApplication - [logStartupProfileInfo,652] - No active profile set, falling back to 1 default profile: "default"
16:49:46.944 [main] INFO  o.a.c.h.Http11NioProtocol - [log,168] - Initializing ProtocolHandler ["http-nio-8080"]
16:49:46.945 [main] INFO  o.a.c.c.StandardService - [log,168] - Starting service [Tomcat]
16:49:46.946 [main] INFO  o.a.c.c.StandardEngine - [log,168] - Starting Servlet engine: [Apache Tomcat/10.1.50]
16:49:46.982 [main] INFO  o.a.c.c.C.[.[.[/] - [log,168] - Initializing Spring embedded WebApplicationContext
16:49:47.214 [main] INFO  c.a.d.s.b.a.DruidDataSourceAutoConfigure - [dataSource,68] - Init DruidDataSource
16:49:47.271 [main] INFO  c.a.d.p.DruidDataSource - [init,1002] - {dataSource-1} inited
16:49:47.406 [main] INFO  o.a.c.h.Http11NioProtocol - [log,168] - Starting ProtocolHandler ["http-nio-8080"]
16:49:47.426 [main] INFO  c.f.SpringbootApplication - [logStarted,59] - Started SpringbootApplication in 1.512 seconds (process running for 2.039)
16:49:50.504 [http-nio-8080-exec-1] INFO  o.a.c.c.C.[.[.[/] - [log,168] - Initializing Spring DispatcherServlet 'dispatcherServlet'
16:51:20.021 [SpringApplicationShutdownHook] INFO  c.a.d.p.DruidDataSource - [close,2204] - {dataSource-1} closing ...
16:51:20.022 [SpringApplicationShutdownHook] INFO  c.a.d.p.DruidDataSource - [close,2277] - {dataSource-1} closed
16:51:21.759 [main] INFO  c.f.SpringbootApplication - [logStarting,53] - Starting SpringbootApplication using Java 17.0.9 with PID 40364 (C:\Users\89328\Desktop\fast\springboot\target\classes started by 89328 in C:\Users\89328\Desktop\fast)
16:51:21.760 [main] INFO  c.f.SpringbootApplication - [logStartupProfileInfo,652] - No active profile set, falling back to 1 default profile: "default"
16:51:22.516 [main] INFO  o.a.c.h.Http11NioProtocol - [log,168] - Initializing ProtocolHandler ["http-nio-8080"]
16:51:22.518 [main] INFO  o.a.c.c.StandardService - [log,168] - Starting service [Tomcat]
16:51:22.518 [main] INFO  o.a.c.c.StandardEngine - [log,168] - Starting Servlet engine: [Apache Tomcat/10.1.50]
16:51:22.559 [main] INFO  o.a.c.c.C.[.[.[/] - [log,168] - Initializing Spring embedded WebApplicationContext
16:51:22.777 [main] INFO  c.a.d.s.b.a.DruidDataSourceAutoConfigure - [dataSource,68] - Init DruidDataSource
16:51:22.831 [main] INFO  c.a.d.p.DruidDataSource - [init,1002] - {dataSource-1} inited
16:51:22.987 [main] INFO  o.a.c.h.Http11NioProtocol - [log,168] - Starting ProtocolHandler ["http-nio-8080"]
16:51:23.014 [main] INFO  c.f.SpringbootApplication - [logStarted,59] - Started SpringbootApplication in 1.574 seconds (process running for 2.177)
16:51:27.328 [http-nio-8080-exec-1] INFO  o.a.c.c.C.[.[.[/] - [log,168] - Initializing Spring DispatcherServlet 'dispatcherServlet'
16:52:01.803 [SpringApplicationShutdownHook] INFO  c.a.d.p.DruidDataSource - [close,2204] - {dataSource-1} closing ...
16:52:01.803 [SpringApplicationShutdownHook] INFO  c.a.d.p.DruidDataSource - [close,2277] - {dataSource-1} closed
16:52:04.225 [main] INFO  c.f.SpringbootApplication - [logStarting,53] - Starting SpringbootApplication using Java 17.0.9 with PID 43880 (C:\Users\89328\Desktop\fast\springboot\target\classes started by 89328 in C:\Users\89328\Desktop\fast)
16:52:04.229 [main] INFO  c.f.SpringbootApplication - [logStartupProfileInfo,652] - No active profile set, falling back to 1 default profile: "default"
16:52:04.989 [main] INFO  o.a.c.h.Http11NioProtocol - [log,168] - Initializing ProtocolHandler ["http-nio-8080"]
16:52:04.990 [main] INFO  o.a.c.c.StandardService - [log,168] - Starting service [Tomcat]
16:52:04.992 [main] INFO  o.a.c.c.StandardEngine - [log,168] - Starting Servlet engine: [Apache Tomcat/10.1.50]
16:52:05.032 [main] INFO  o.a.c.c.C.[.[.[/] - [log,168] - Initializing Spring embedded WebApplicationContext
16:52:05.251 [main] INFO  c.a.d.s.b.a.DruidDataSourceAutoConfigure - [dataSource,68] - Init DruidDataSource
16:52:05.304 [main] INFO  c.a.d.p.DruidDataSource - [init,1002] - {dataSource-1} inited
16:52:05.440 [main] INFO  o.a.c.h.Http11NioProtocol - [log,168] - Starting ProtocolHandler ["http-nio-8080"]
16:52:05.459 [main] INFO  c.f.SpringbootApplication - [logStarted,59] - Started SpringbootApplication in 1.564 seconds (process running for 2.16)
16:52:07.663 [http-nio-8080-exec-1] INFO  o.a.c.c.C.[.[.[/] - [log,168] - Initializing Spring DispatcherServlet 'dispatcherServlet'
16:56:07.635 [SpringApplicationShutdownHook] INFO  c.a.d.p.DruidDataSource - [close,2204] - {dataSource-1} closing ...
16:56:07.635 [SpringApplicationShutdownHook] INFO  c.a.d.p.DruidDataSource - [close,2277] - {dataSource-1} closed
16:56:09.904 [main] INFO  c.f.SpringbootApplication - [logStarting,53] - Starting SpringbootApplication using Java 17.0.9 with PID 44148 (C:\Users\89328\Desktop\fast\springboot\target\classes started by 89328 in C:\Users\89328\Desktop\fast)
16:56:09.907 [main] INFO  c.f.SpringbootApplication - [logStartupProfileInfo,652] - No active profile set, falling back to 1 default profile: "default"
16:56:10.610 [main] INFO  o.a.c.h.Http11NioProtocol - [log,168] - Initializing ProtocolHandler ["http-nio-8080"]
16:56:10.616 [main] INFO  o.a.c.c.StandardService - [log,168] - Starting service [Tomcat]
16:56:10.616 [main] INFO  o.a.c.c.StandardEngine - [log,168] - Starting Servlet engine: [Apache Tomcat/10.1.50]
16:56:10.652 [main] INFO  o.a.c.c.C.[.[.[/] - [log,168] - Initializing Spring embedded WebApplicationContext
16:56:10.855 [main] INFO  c.a.d.s.b.a.DruidDataSourceAutoConfigure - [dataSource,68] - Init DruidDataSource
16:56:10.903 [main] INFO  c.a.d.p.DruidDataSource - [init,1002] - {dataSource-1} inited
16:56:11.044 [main] INFO  o.a.c.h.Http11NioProtocol - [log,168] - Starting ProtocolHandler ["http-nio-8080"]
16:56:11.072 [main] INFO  c.f.SpringbootApplication - [logStarted,59] - Started SpringbootApplication in 1.459 seconds (process running for 1.996)
16:56:16.204 [http-nio-8080-exec-1] INFO  o.a.c.c.C.[.[.[/] - [log,168] - Initializing Spring DispatcherServlet 'dispatcherServlet'
17:00:22.371 [SpringApplicationShutdownHook] INFO  c.a.d.p.DruidDataSource - [close,2204] - {dataSource-1} closing ...
17:00:22.372 [SpringApplicationShutdownHook] INFO  c.a.d.p.DruidDataSource - [close,2277] - {dataSource-1} closed
17:00:24.380 [main] INFO  c.f.SpringbootApplication - [logStarting,53] - Starting SpringbootApplication using Java 17.0.9 with PID 57320 (C:\Users\89328\Desktop\fast\springboot\target\classes started by 89328 in C:\Users\89328\Desktop\fast)
17:00:24.384 [main] INFO  c.f.SpringbootApplication - [logStartupProfileInfo,652] - No active profile set, falling back to 1 default profile: "default"
17:00:25.330 [main] INFO  o.a.c.h.Http11NioProtocol - [log,168] - Initializing ProtocolHandler ["http-nio-8080"]
17:00:25.332 [main] INFO  o.a.c.c.StandardService - [log,168] - Starting service [Tomcat]
17:00:25.333 [main] INFO  o.a.c.c.StandardEngine - [log,168] - Starting Servlet engine: [Apache Tomcat/10.1.50]
17:00:25.386 [main] INFO  o.a.c.c.C.[.[.[/] - [log,168] - Initializing Spring embedded WebApplicationContext
17:00:25.703 [main] INFO  c.a.d.s.b.a.DruidDataSourceAutoConfigure - [dataSource,68] - Init DruidDataSource
17:00:25.765 [main] INFO  c.a.d.p.DruidDataSource - [init,1002] - {dataSource-1} inited
17:00:25.928 [main] INFO  o.a.c.h.Http11NioProtocol - [log,168] - Starting ProtocolHandler ["http-nio-8080"]
17:00:25.960 [main] INFO  c.f.SpringbootApplication - [logStarted,59] - Started SpringbootApplication in 1.996 seconds (process running for 2.727)
17:00:29.569 [http-nio-8080-exec-1] INFO  o.a.c.c.C.[.[.[/] - [log,168] - Initializing Spring DispatcherServlet 'dispatcherServlet'
