15:25:43.234 [main] INFO  c.f.SpringbootApplication - [logStarting,53] - Starting SpringbootApplication using Java 17.0.9 with PID 132076 (C:\Users\89328\Desktop\fast\springboot\target\classes started by 89328 in C:\Users\89328\Desktop\fast)
15:25:43.245 [main] INFO  c.f.SpringbootApplication - [logStartupProfileInfo,652] - No active profile set, falling back to 1 default profile: "default"
15:25:44.237 [main] INFO  o.a.c.h.Http11NioProtocol - [log,168] - Initializing ProtocolHandler ["http-nio-8080"]
15:25:44.238 [main] INFO  o.a.c.c.StandardService - [log,168] - Starting service [Tomcat]
15:25:44.240 [main] INFO  o.a.c.c.StandardEngine - [log,168] - Starting Servlet engine: [Apache Tomcat/10.1.50]
15:25:44.287 [main] INFO  o.a.c.c.C.[.[.[/] - [log,168] - Initializing Spring embedded WebApplicationContext
15:25:44.364 [main] INFO  c.a.d.s.b.a.DruidDataSourceAutoConfigure - [dataSource,68] - Init DruidDataSource
15:25:44.444 [main] INFO  c.a.d.p.DruidDataSource - [init,1002] - {dataSource-1} inited
15:25:44.962 [main] INFO  o.a.c.h.Http11NioProtocol - [log,168] - Starting ProtocolHandler ["http-nio-8080"]
15:25:44.986 [main] INFO  c.f.SpringbootApplication - [logStarted,59] - Started SpringbootApplication in 2.141 seconds (process running for 3.412)
15:25:51.481 [http-nio-8080-exec-1] INFO  o.a.c.c.C.[.[.[/] - [log,168] - Initializing Spring DispatcherServlet 'dispatcherServlet'
15:27:19.983 [SpringApplicationShutdownHook] INFO  c.a.d.p.DruidDataSource - [close,2204] - {dataSource-1} closing ...
15:27:19.985 [SpringApplicationShutdownHook] INFO  c.a.d.p.DruidDataSource - [close,2277] - {dataSource-1} closed
15:27:23.067 [main] INFO  c.f.SpringbootApplication - [logStarting,53] - Starting SpringbootApplication using Java 17.0.9 with PID 129168 (C:\Users\89328\Desktop\fast\springboot\target\classes started by 89328 in C:\Users\89328\Desktop\fast)
15:27:23.069 [main] INFO  c.f.SpringbootApplication - [logStartupProfileInfo,652] - No active profile set, falling back to 1 default profile: "default"
15:27:23.873 [main] INFO  o.a.c.h.Http11NioProtocol - [log,168] - Initializing ProtocolHandler ["http-nio-8080"]
15:27:23.874 [main] INFO  o.a.c.c.StandardService - [log,168] - Starting service [Tomcat]
15:27:23.874 [main] INFO  o.a.c.c.StandardEngine - [log,168] - Starting Servlet engine: [Apache Tomcat/10.1.50]
15:27:23.915 [main] INFO  o.a.c.c.C.[.[.[/] - [log,168] - Initializing Spring embedded WebApplicationContext
15:27:23.979 [main] INFO  c.a.d.s.b.a.DruidDataSourceAutoConfigure - [dataSource,68] - Init DruidDataSource
15:27:24.047 [main] INFO  c.a.d.p.DruidDataSource - [init,1002] - {dataSource-1} inited
15:27:24.479 [main] INFO  o.a.c.h.Http11NioProtocol - [log,168] - Starting ProtocolHandler ["http-nio-8080"]
15:27:24.503 [main] INFO  c.f.SpringbootApplication - [logStarted,59] - Started SpringbootApplication in 1.779 seconds (process running for 2.431)
15:27:30.918 [http-nio-8080-exec-1] INFO  o.a.c.c.C.[.[.[/] - [log,168] - Initializing Spring DispatcherServlet 'dispatcherServlet'
15:29:40.755 [SpringApplicationShutdownHook] INFO  c.a.d.p.DruidDataSource - [close,2204] - {dataSource-1} closing ...
15:29:40.757 [SpringApplicationShutdownHook] INFO  c.a.d.p.DruidDataSource - [close,2277] - {dataSource-1} closed
15:29:43.180 [main] INFO  c.f.SpringbootApplication - [logStarting,53] - Starting SpringbootApplication using Java 17.0.9 with PID 152472 (C:\Users\89328\Desktop\fast\springboot\target\classes started by 89328 in C:\Users\89328\Desktop\fast)
15:29:43.184 [main] INFO  c.f.SpringbootApplication - [logStartupProfileInfo,652] - No active profile set, falling back to 1 default profile: "default"
15:29:44.002 [main] INFO  o.a.c.h.Http11NioProtocol - [log,168] - Initializing ProtocolHandler ["http-nio-8080"]
15:29:44.003 [main] INFO  o.a.c.c.StandardService - [log,168] - Starting service [Tomcat]
15:29:44.003 [main] INFO  o.a.c.c.StandardEngine - [log,168] - Starting Servlet engine: [Apache Tomcat/10.1.50]
15:29:44.041 [main] INFO  o.a.c.c.C.[.[.[/] - [log,168] - Initializing Spring embedded WebApplicationContext
15:29:44.103 [main] INFO  c.a.d.s.b.a.DruidDataSourceAutoConfigure - [dataSource,68] - Init DruidDataSource
15:29:44.158 [main] INFO  c.a.d.p.DruidDataSource - [init,1002] - {dataSource-1} inited
15:29:44.542 [main] INFO  o.a.c.h.Http11NioProtocol - [log,168] - Starting ProtocolHandler ["http-nio-8080"]
15:29:44.561 [main] INFO  c.f.SpringbootApplication - [logStarted,59] - Started SpringbootApplication in 1.693 seconds (process running for 2.251)
15:29:49.755 [http-nio-8080-exec-1] INFO  o.a.c.c.C.[.[.[/] - [log,168] - Initializing Spring DispatcherServlet 'dispatcherServlet'
15:36:46.885 [SpringApplicationShutdownHook] INFO  c.a.d.p.DruidDataSource - [close,2204] - {dataSource-1} closing ...
15:36:46.890 [SpringApplicationShutdownHook] INFO  c.a.d.p.DruidDataSource - [close,2277] - {dataSource-1} closed
15:36:48.868 [main] INFO  c.f.SpringbootApplication - [logStarting,53] - Starting SpringbootApplication using Java 17.0.9 with PID 155956 (C:\Users\89328\Desktop\fast\springboot\target\classes started by 89328 in C:\Users\89328\Desktop\fast)
15:36:48.870 [main] INFO  c.f.SpringbootApplication - [logStartupProfileInfo,652] - No active profile set, falling back to 1 default profile: "default"
15:36:49.595 [main] INFO  o.a.c.h.Http11NioProtocol - [log,168] - Initializing ProtocolHandler ["http-nio-8080"]
15:36:49.597 [main] INFO  o.a.c.c.StandardService - [log,168] - Starting service [Tomcat]
15:36:49.597 [main] INFO  o.a.c.c.StandardEngine - [log,168] - Starting Servlet engine: [Apache Tomcat/10.1.50]
15:36:49.637 [main] INFO  o.a.c.c.C.[.[.[/] - [log,168] - Initializing Spring embedded WebApplicationContext
15:36:49.699 [main] INFO  c.a.d.s.b.a.DruidDataSourceAutoConfigure - [dataSource,68] - Init DruidDataSource
15:36:49.748 [main] INFO  c.a.d.p.DruidDataSource - [init,1002] - {dataSource-1} inited
15:36:50.135 [main] INFO  o.a.c.h.Http11NioProtocol - [log,168] - Starting ProtocolHandler ["http-nio-8080"]
15:36:50.157 [main] INFO  c.f.SpringbootApplication - [logStarted,59] - Started SpringbootApplication in 1.59 seconds (process running for 2.165)
15:36:55.161 [http-nio-8080-exec-1] INFO  o.a.c.c.C.[.[.[/] - [log,168] - Initializing Spring DispatcherServlet 'dispatcherServlet'
17:17:38.628 [SpringApplicationShutdownHook] INFO  c.a.d.p.DruidDataSource - [close,2204] - {dataSource-1} closing ...
17:17:38.639 [SpringApplicationShutdownHook] INFO  c.a.d.p.DruidDataSource - [close,2277] - {dataSource-1} closed
17:17:42.746 [main] INFO  c.f.SpringbootApplication - [logStarting,53] - Starting SpringbootApplication using Java 17.0.9 with PID 146672 (C:\Users\89328\Desktop\fast\springboot\target\classes started by 89328 in C:\Users\89328\Desktop\fast)
17:17:42.749 [main] INFO  c.f.SpringbootApplication - [logStartupProfileInfo,652] - No active profile set, falling back to 1 default profile: "default"
17:17:43.746 [main] INFO  c.a.d.s.b.a.DruidDataSourceAutoConfigure - [dataSource,68] - Init DruidDataSource
17:17:43.810 [main] INFO  c.a.d.p.DruidDataSource - [init,1002] - {dataSource-1} inited
17:17:44.255 [main] INFO  c.f.SpringbootApplication - [logStarted,59] - Started SpringbootApplication in 1.867 seconds (process running for 2.669)
17:17:44.536 [SpringApplicationShutdownHook] INFO  c.a.d.p.DruidDataSource - [close,2204] - {dataSource-1} closing ...
17:17:44.537 [SpringApplicationShutdownHook] INFO  c.a.d.p.DruidDataSource - [close,2277] - {dataSource-1} closed
